Component: ARM Compiler 6.9 Tool: armlink [5ced1b00]

==============================================================================

Section Cross References

    startup_stm32f103xb.o(STACK) refers (Special) to heapauxi.o(.text) for __use_two_region_memory
    startup_stm32f103xb.o(HEAP) refers (Special) to heapauxi.o(.text) for __use_two_region_memory
    startup_stm32f103xb.o(RESET) refers (Special) to heapauxi.o(.text) for __use_two_region_memory
    startup_stm32f103xb.o(RESET) refers to startup_stm32f103xb.o(STACK) for __initial_sp
    startup_stm32f103xb.o(RESET) refers to startup_stm32f103xb.o(.text) for Reset_Handler
    startup_stm32f103xb.o(RESET) refers to stm32f1xx_it.o(.text.NMI_Handler) for NMI_Handler
    startup_stm32f103xb.o(RESET) refers to stm32f1xx_it.o(.text.HardFault_Handler) for HardFault_Handler
    startup_stm32f103xb.o(RESET) refers to stm32f1xx_it.o(.text.MemManage_Handler) for MemManage_Handler
    startup_stm32f103xb.o(RESET) refers to stm32f1xx_it.o(.text.BusFault_Handler) for BusFault_Handler
    startup_stm32f103xb.o(RESET) refers to stm32f1xx_it.o(.text.UsageFault_Handler) for UsageFault_Handler
    startup_stm32f103xb.o(RESET) refers to irq_cm3.o(.text) for SVC_Handler
    startup_stm32f103xb.o(RESET) refers to stm32f1xx_it.o(.text.DebugMon_Handler) for DebugMon_Handler
    startup_stm32f103xb.o(RESET) refers to stm32f1xx_it.o(.text.SPI1_IRQHandler) for SPI1_IRQHandler
    startup_stm32f103xb.o(.text) refers (Special) to heapauxi.o(.text) for __use_two_region_memory
    startup_stm32f103xb.o(.text) refers to system_stm32f1xx.o(.text.SystemInit) for SystemInit
    startup_stm32f103xb.o(.text) refers to __main.o(!!!main) for __main
    startup_stm32f103xb.o(.text) refers to startup_stm32f103xb.o(HEAP) for Heap_Mem
    startup_stm32f103xb.o(.text) refers to startup_stm32f103xb.o(STACK) for Stack_Mem
    main.o(.text.app_main) refers to rtx_kernel.o(.text.osKernelInitialize) for osKernelInitialize
    main.o(.text.app_main) refers to rtx_kernel.o(.text.osKernelStart) for osKernelStart
    main.o(.ARM.exidx.text.app_main) refers to Unwind-EHABI.cpp.o(.text.__aeabi_unwind_cpp_pr0) for __aeabi_unwind_cpp_pr0
    main.o(.ARM.exidx.text.app_main) refers to main.o(.text.app_main) for [Anonymous Symbol]
    thread.o(.ARM.exidx.text._ZN6ThreadC2EPFvPvES0_12osPriority_tjS0_) refers to thread.o(.text._ZN6ThreadC2EPFvPvES0_12osPriority_tjS0_) for [Anonymous Symbol]
    thread.o(.text._ZN6Thread3runEPv) refers to rtx_thread.o(.text.osThreadNew) for osThreadNew
    thread.o(.ARM.exidx.text._ZN6Thread3runEPv) refers to Unwind-EHABI.cpp.o(.text.__aeabi_unwind_cpp_pr0) for __aeabi_unwind_cpp_pr0
    thread.o(.ARM.exidx.text._ZN6Thread3runEPv) refers to thread.o(.text._ZN6Thread3runEPv) for [Anonymous Symbol]
    thread.o(.text._ZN6ThreadD2Ev) refers to rtx_thread.o(.text.osThreadGetState) for osThreadGetState
    thread.o(.text._ZN6ThreadD2Ev) refers to rtx_thread.o(.text.osThreadTerminate) for osThreadTerminate
    thread.o(.text._ZN6ThreadD2Ev) refers to thread.o(.text.__clang_call_terminate) for __clang_call_terminate
    thread.o(.ARM.extab.text._ZN6ThreadD2Ev) refers to cxa_personality.cpp.o(.text.__gxx_personality_v0) for __gxx_personality_v0
    thread.o(.ARM.exidx.text._ZN6ThreadD2Ev) refers to thread.o(.text._ZN6ThreadD2Ev) for [Anonymous Symbol]
    thread.o(.ARM.exidx.text._ZN6ThreadD2Ev) refers to thread.o(.ARM.extab.text._ZN6ThreadD2Ev) for [Anonymous Symbol]
    thread.o(.ARM.exidx.text._Z17defaultThreadFuncPv) refers to thread.o(.text._Z17defaultThreadFuncPv) for [Anonymous Symbol]
    scopedlock.o(.text._ZN10ScopedLockC2EPv) refers to rtx_mutex.o(.text.osMutexAcquire) for osMutexAcquire
    scopedlock.o(.ARM.exidx.text._ZN10ScopedLockC2EPv) refers to Unwind-EHABI.cpp.o(.text.__aeabi_unwind_cpp_pr0) for __aeabi_unwind_cpp_pr0
    scopedlock.o(.ARM.exidx.text._ZN10ScopedLockC2EPv) refers to scopedlock.o(.text._ZN10ScopedLockC2EPv) for [Anonymous Symbol]
    scopedlock.o(.text._ZN10ScopedLockD2Ev) refers to rtx_mutex.o(.text.osMutexRelease) for osMutexRelease
    scopedlock.o(.text._ZN10ScopedLockD2Ev) refers to thread.o(.text.__clang_call_terminate) for __clang_call_terminate
    scopedlock.o(.ARM.extab.text._ZN10ScopedLockD2Ev) refers to cxa_personality.cpp.o(.text.__gxx_personality_v0) for __gxx_personality_v0
    scopedlock.o(.ARM.exidx.text._ZN10ScopedLockD2Ev) refers to scopedlock.o(.text._ZN10ScopedLockD2Ev) for [Anonymous Symbol]
    scopedlock.o(.ARM.exidx.text._ZN10ScopedLockD2Ev) refers to scopedlock.o(.ARM.extab.text._ZN10ScopedLockD2Ev) for [Anonymous Symbol]
    main_1.o(.text.main) refers to stm32f1xx_hal.o(.text.HAL_Init) for HAL_Init
    main_1.o(.text.main) refers to main_1.o(.text.SystemClock_Config) for SystemClock_Config
    main_1.o(.text.main) refers to gpio.o(.text.MX_GPIO_Init) for MX_GPIO_Init
    main_1.o(.text.main) refers to spi.o(.text.MX_SPI1_Init) for MX_SPI1_Init
[...]
    stdlib_typeinfo.cpp.o(.rodata._ZTISt10bad_typeid) refers to stdlib_typeinfo.cpp.o(.rodata._ZTSSt10bad_typeid) for typeinfo name for std::bad_typeid
    stdlib_typeinfo.cpp.o(.rodata._ZTISt10bad_typeid) refers to stdlib_exception.cpp.o(.rodata._ZTISt9exception) for typeinfo for std::exception
    sys_command.o(.text) refers (Special) to use_no_semi.o(.text) for __I$use$semihosting
    sys_command.o(.text) refers (Special) to indicate_semi.o(.text) for __semihosting_library_function
    sys_command_hlt.o(.text) refers (Special) to use_no_semi.o(.text) for __I$use$semihosting
    sys_command_hlt.o(.text) refers (Special) to indicate_semi.o(.text) for __semihosting_library_function
    rtexit.o(.ARM.Collect$$rtexit$$00000000) refers (Special) to rtexit2.o(.ARM.Collect$$rtexit$$00000004) for __rt_exit_exit
    rtexit.o(.ARM.Collect$$rtexit$$00000000) refers (Special) to rtexit2.o(.ARM.Collect$$rtexit$$00000003) for __rt_exit_ls
    rtexit.o(.ARM.Collect$$rtexit$$00000000) refers (Special) to rtexit2.o(.ARM.Collect$$rtexit$$00000002) for __rt_exit_prels_1
    rtexit.o(.ARM.exidx) refers (Special) to rtexit2.o(.ARM.Collect$$rtexit$$00000004) for __rt_exit_exit
    rtexit.o(.ARM.exidx) refers (Special) to rtexit2.o(.ARM.Collect$$rtexit$$00000003) for __rt_exit_ls
    rtexit.o(.ARM.exidx) refers (Special) to rtexit2.o(.ARM.Collect$$rtexit$$00000002) for __rt_exit_prels_1
    rtexit.o(.ARM.exidx) refers to rtexit.o(.ARM.Collect$$rtexit$$00000000) for .ARM.Collect$$rtexit$$00000000
    maybetermalloc2.o(.text) refers (Special) to term_alloc.o(.text) for _terminate_alloc
    h1_extend.o(.text) refers to h1_free_mt.o(.text) for free
    h1_extend_mt.o(.text) refers to h1_free_mt.o(.text) for _free_internal
    __raise.o(.text) refers to defsig.o(CL$$defsig) for __default_signal_handler
    defsig_general.o(.text) refers to sys_wrch.o(.text) for _ttywrch
    defsig_rtmem_outer.o(.text) refers to defsig_rtmem_inner.o(.text) for __rt_SIGRTMEM_inner
    defsig_rtmem_outer.o(.text) refers to defsig_exit.o(.text) for __sig_exit
    defsig_rtmem_formal.o(.text) refers to rt_raise.o(.text) for __rt_raise
    heapauxa.o(.text) refers to heapauxa.o(.data) for .data
    sys_wrch.o(.text) refers (Special) to use_no_semi.o(.text) for __I$use$semihosting
    sys_wrch.o(.text) refers (Special) to indicate_semi.o(.text) for __semihosting_library_function
    sys_wrch_hlt.o(.text) refers (Special) to use_no_semi.o(.text) for __I$use$semihosting
    sys_wrch_hlt.o(.text) refers (Special) to indicate_semi.o(.text) for __semihosting_library_function
    rtexit2.o(.ARM.Collect$$rtexit$$00000003) refers to libshutdown.o(.ARM.Collect$$libshutdown$$00000000) for __rt_lib_shutdown
    rtexit2.o(.ARM.Collect$$rtexit$$00000004) refers to sys_exit.o(.text) for _sys_exit
    rtexit2.o(.ARM.exidx) refers to rtexit2.o(.ARM.Collect$$rtexit$$00000001) for .ARM.Collect$$rtexit$$00000001
    rtexit2.o(.ARM.exidx) refers to rtexit2.o(.ARM.Collect$$rtexit$$00000003) for .ARM.Collect$$rtexit$$00000003
    rtexit2.o(.ARM.exidx) refers to rtexit2.o(.ARM.Collect$$rtexit$$00000004) for .ARM.Collect$$rtexit$$00000004
    term_alloc.o(.text) refers (Special) to libshutdown2.o(.ARM.Collect$$libshutdown$$0000000D) for __rt_lib_shutdown_heap_2
    term_alloc.o(.text) refers to rt_heap_descriptor_twolibspace.o(.text) for __rt_heap_descriptor
    term_alloc.o(.text) refers to h1_final_mt.o(.text) for __Heap_Finalize
    defsig_rtmem_inner.o(.text) refers to defsig_general.o(.text) for __default_signal_display
    defsig.o(CL$$defsig) refers to defsig_abrt_inner.o(.text) for __rt_SIGABRT_inner
    defsig.o(CL$$defsig) refers to defsig_rtmem_inner.o(.text) for __rt_SIGRTMEM_inner
    h1_final_mt.o(.text) refers (Weak) to rtx_lib.o(.text._mutex_free) for _mutex_free
    defsig_fpe_inner.o(.text) refers to defsig_general.o(.text) for __default_signal_display
    defsig_rtred_inner.o(.text) refers to defsig_general.o(.text) for __default_signal_display
    defsig_stak_inner.o(.text) refers to defsig_general.o(.text) for __default_signal_display
    defsig_pvfn_inner.o(.text) refers to defsig_general.o(.text) for __default_signal_display
    defsig_cppl_inner.o(.text) refers to defsig_general.o(.text) for __default_signal_display
    defsig_segv_inner.o(.text) refers to defsig_general.o(.text) for __default_signal_display
    defsig_other.o(.text) refers to defsig_general.o(.text) for __default_signal_display
    libshutdown.o(.ARM.Collect$$libshutdown$$00000000) refers (Special) to libshutdown2.o(.ARM.Collect$$libshutdown$$00000002) for __rt_lib_shutdown_cpp_1
    libshutdown.o(.ARM.Collect$$libshutdown$$00000000) refers (Special) to libshutdown2.o(.ARM.Collect$$libshutdown$$00000007) for __rt_lib_shutdown_fp_trap_1
    libshutdown.o(.ARM.Collect$$libshutdown$$00000000) refers (Special) to libshutdown2.o(.ARM.Collect$$libshutdown$$0000000F) for __rt_lib_shutdown_heap_1
    libshutdown.o(.ARM.Collect$$libshutdown$$00000000) refers (Special) to libshutdown2.o(.ARM.Collect$$libshutdown$$00000010) for __rt_lib_shutdown_return
    libshutdown.o(.ARM.Collect$$libshutdown$$00000000) refers (Special) to libshutdown2.o(.ARM.Collect$$libshutdown$$0000000A) for __rt_lib_shutdown_signal_1
    libshutdown.o(.ARM.Collect$$libshutdown$$00000000) refers (Special) to libshutdown2.o(.ARM.Collect$$libshutdown$$00000004) for __rt_lib_shutdown_stdio_1
    libshutdown.o(.ARM.Collect$$libshutdown$$00000000) refers (Special) to libshutdown2.o(.ARM.Collect$$libshutdown$$0000000C) for __rt_lib_shutdown_user_alloc_1
    thread.o(.text.__clang_call_terminate) refers to cxa_exception.cpp.o(.text.__cxa_begin_catch) for __cxa_begin_catch
    thread.o(.text.__clang_call_terminate) refers to cxa_handlers.cpp.o(.text._ZSt9terminatev) for std::terminate()
    thread.o(.ARM.exidx.text.__clang_call_terminate) refers to thread.o(.text.__clang_call_terminate) for [Anonymous Symbol]
    libunwind.cpp.o(.ARM.exidx.text._ZN9libunwind20AbstractUnwindCursorD2Ev) refers to Unwind-EHABI.cpp.o(.text.__aeabi_unwind_cpp_pr0) for __aeabi_unwind_cpp_pr0
    libunwind.cpp.o(.ARM.exidx.text._ZN9libunwind20AbstractUnwindCursorD2Ev) refers to libunwind.cpp.o(.text._ZN9libunwind20AbstractUnwindCursorD2Ev) for [Anonymous Symbol]
    libunwind.cpp.o(.ARM.exidx.text._ZN9libunwind12UnwindCursorINS_17LocalAddressSpaceENS_13Registers_armEED0Ev) refers to Unwind-EHABI.cpp.o(.text.__aeabi_unwind_cpp_pr0) for __aeabi_unwind_cpp_pr0
    libunwind.cpp.o(.ARM.exidx.text._ZN9libunwind12UnwindCursorINS_17LocalAddressSpaceENS_13Registers_armEED0Ev) refers to libunwind.cpp.o(.text._ZN9libunwind12UnwindCursorINS_17LocalAddressSpaceENS_13Registers_armEED0Ev) for [Anonymous Symbol]
    libunwind.cpp.o(.ARM.exidx.text._ZN9libunwind12UnwindCursorINS_17LocalAddressSpaceENS_13Registers_armEE8validRegEi) refers to Unwind-EHABI.cpp.o(.text.__aeabi_unwind_cpp_pr0) for __aeabi_unwind_cpp_pr0
    libunwind.cpp.o(.ARM.exidx.text._ZN9libunwind12UnwindCursorINS_17LocalAddressSpaceENS_13Registers_armEE8validRegEi) refers to libunwind.cpp.o(.text._ZN9libunwind12UnwindCursorINS_17LocalAddressSpaceENS_13Registers_armEE8validRegEi) for [Anonymous Symbol]
    libunwind.cpp.o(.text._ZN9libunwind12UnwindCursorINS_17LocalAddressSpaceENS_13Registers_armEE6getRegEi) refers to abort.o(.text) for abort
    libunwind.cpp.o(.ARM.exidx.text._ZN9libunwind12UnwindCursorINS_17LocalAddressSpaceENS_13Registers_armEE6getRegEi) refers to Unwind-EHABI.cpp.o(.text.__aeabi_unwind_cpp_pr0) for __aeabi_unwind_cpp_pr0
    libunwind.cpp.o(.ARM.exidx.text._ZN9libunwind12UnwindCursorINS_17LocalAddressSpaceENS_13Registers_armEE6getRegEi) refers to libunwind.cpp.o(.text._ZN9libunwind12UnwindCursorINS_17LocalAddressSpaceENS_13Registers_armEE6getRegEi) for [Anonymous Symbol]
    libunwind.cpp.o(.text._ZN9libunwind12UnwindCursorINS_17LocalAddressSpaceENS_13Registers_armEE6setRegEij) refers to abort.o(.text) for abort
    libunwind.cpp.o(.ARM.exidx.text._ZN9libunwind12UnwindCursorINS_17LocalAddressSpaceENS_13Registers_armEE6setRegEij) refers to Unwind-EHABI.cpp.o(.text.__aeabi_unwind_cpp_pr0) for __aeabi_unwind_cpp_pr0
    libunwind.cpp.o(.ARM.exidx.text._ZN9libunwind12UnwindCursorINS_17LocalAddressSpaceENS_13Registers_armEE6setRegEij) refers to libunwind.cpp.o(.text._ZN9libunwind12UnwindCursorINS_17LocalAddressSpaceENS_13Registers_armEE6setRegEij) for [Anonymous Symbol]
    libunwind.cpp.o(.ARM.exidx.text._ZN9libunwind12UnwindCursorINS_17LocalAddressSpaceENS_13Registers_armEE13validFloatRegEi) refers to Unwind-EHABI.cpp.o(.text.__aeabi_unwind_cpp_pr0) for __aeabi_unwind_cpp_pr0
    libunwind.cpp.o(.ARM.exidx.text._ZN9libunwind12UnwindCursorINS_17LocalAddressSpaceENS_13Registers_armEE13validFloatRegEi) refers to libunwind.cpp.o(.text._ZN9libunwind12UnwindCursorINS_17LocalAddressSpaceENS_13Registers_armEE13validFloatRegEi) for [Anonymous Symbol]
    libunwind.cpp.o(.text._ZN9libunwind12UnwindCursorINS_17LocalAddressSpaceENS_13Registers_armEE11getFloatRegEi) refers to UnwindRegistersSave.S.o(.text) for libunwind::Registers_arm::saveVFPWithFSTMX(unsigned long long*)
    libunwind.cpp.o(.text._ZN9libunwind12UnwindCursorINS_17LocalAddressSpaceENS_13Registers_armEE11getFloatRegEi) refers to abort.o(.text) for abort
    libunwind.cpp.o(.ARM.exidx.text._ZN9libunwind12UnwindCursorINS_17LocalAddressSpaceENS_13Registers_armEE11getFloatRegEi) refers to Unwind-EHABI.cpp.o(.text.__aeabi_unwind_cpp_pr0) for __aeabi_unwind_cpp_pr0
    libunwind.cpp.o(.ARM.exidx.text._ZN9libunwind12UnwindCursorINS_17LocalAddressSpaceENS_13Registers_armEE11getFloatRegEi) refers to libunwind.cpp.o(.text._ZN9libunwind12UnwindCursorINS_17LocalAddressSpaceENS_13Registers_armEE11getFloatRegEi) for [Anonymous Symbol]
    libunwind.cpp.o(.text._ZN9libunwind12UnwindCursorINS_17LocalAddressSpaceENS_13Registers_armEE11setFloatRegEiy) refers to UnwindRegistersSave.S.o(.text) for libunwind::Registers_arm::saveVFPWithFSTMX(unsigned long long*)
    libunwind.cpp.o(.text._ZN9libunwind12UnwindCursorINS_17LocalAddressSpaceENS_13Registers_armEE11setFloatRegEiy) refers to abort.o(.text) for abort
    libunwind.cpp.o(.ARM.exidx.text._ZN9libunwind12UnwindCursorINS_17LocalAddressSpaceENS_13Registers_armEE11setFloatRegEiy) refers to Unwind-EHABI.cpp.o(.text.__aeabi_unwind_cpp_pr0) for __aeabi_unwind_cpp_pr0
    libunwind.cpp.o(.ARM.exidx.text._ZN9libunwind12UnwindCursorINS_17LocalAddressSpaceENS_13Registers_armEE11setFloatRegEiy) refers to libunwind.cpp.o(.text._ZN9libunwind12UnwindCursorINS_17LocalAddressSpaceENS_13Registers_armEE11setFloatRegEiy) for [Anonymous Symbol]
    libunwind.cpp.o(.text._ZN9libunwind12UnwindCursorINS_17LocalAddressSpaceENS_13Registers_armEE4stepEv) refers to libunwind.cpp.o(.text._ZN9libunwind12UnwindCursorINS_17LocalAddressSpaceENS_13Registers_armEE13stepWithEHABIEv) for libunwind::UnwindCursor<libunwind::LocalAddressSpace, libunwind::Registers_arm>::stepWithEHABI()
    libunwind.cpp.o(.ARM.exidx.text._ZN9libunwind12UnwindCursorINS_17LocalAddressSpaceENS_13Registers_armEE4stepEv) refers to Unwind-EHABI.cpp.o(.text.__aeabi_unwind_cpp_pr0) for __aeabi_unwind_cpp_pr0
    libunwind.cpp.o(.ARM.exidx.text._ZN9libunwind12UnwindCursorINS_17LocalAddressSpaceENS_13Registers_armEE4stepEv) refers to libunwind.cpp.o(.text._ZN9libunwind12UnwindCursorINS_17LocalAddressSpaceENS_13Registers_armEE4stepEv) for [Anonymous Symbol]
    libunwind.cpp.o(.ARM.exidx.text._ZN9libunwind12UnwindCursorINS_17LocalAddressSpaceENS_13Registers_armEE7getInfoEP15unw_proc_info_t) refers to Unwind-EHABI.cpp.o(.text.__aeabi_unwind_cpp_pr0) for __aeabi_unwind_cpp_pr0
    libunwind.cpp.o(.ARM.exidx.text._ZN9libunwind12UnwindCursorINS_17LocalAddressSpaceENS_13Registers_armEE7getInfoEP15unw_proc_info_t) refers to libunwind.cpp.o(.text._ZN9libunwind12UnwindCursorINS_17LocalAddressSpaceENS_13Registers_armEE7getInfoEP15unw_proc_info_t) for [Anonymous Symbol]
    libunwind.cpp.o(.text._ZN9libunwind12UnwindCursorINS_17LocalAddressSpaceENS_13Registers_armEE6jumptoEv) refers to libunwind.cpp.o(.text._ZN9libunwind13Registers_arm26restoreSavedFloatRegistersEv) for libunwind::Registers_arm::restoreSavedFloatRegisters()
    libunwind.cpp.o(.text._ZN9libunwind12UnwindCursorINS_17LocalAddressSpaceENS_13Registers_armEE6jumptoEv) refers to UnwindRegistersRestore.S.o(.text) for libunwind::Registers_arm::restoreCoreAndJumpTo()
    libunwind.cpp.o(.ARM.exidx.text._ZN9libunwind12UnwindCursorINS_17LocalAddressSpaceENS_13Registers_armEE6jumptoEv) refers to Unwind-EHABI.cpp.o(.text.__aeabi_unwind_cpp_pr0) for __aeabi_unwind_cpp_pr0
    libunwind.cpp.o(.ARM.exidx.text._ZN9libunwind12UnwindCursorINS_17LocalAddressSpaceENS_13Registers_armEE6jumptoEv) refers to libunwind.cpp.o(.text._ZN9libunwind12UnwindCursorINS_17LocalAddressSpaceENS_13Registers_armEE6jumptoEv) for [Anonymous Symbol]
    libunwind.cpp.o(.ARM.exidx.text._ZN9libunwind12UnwindCursorINS_17LocalAddressSpaceENS_13Registers_armEE13isSignalFrameEv) refers to Unwind-EHABI.cpp.o(.text.__aeabi_unwind_cpp_pr0) for __aeabi_unwind_cpp_pr0
    libunwind.cpp.o(.ARM.exidx.text._ZN9libunwind12UnwindCursorINS_17LocalAddressSpaceENS_13Registers_armEE13isSignalFrameEv) refers to libunwind.cpp.o(.text._ZN9libunwind12UnwindCursorINS_17LocalAddressSpaceENS_13Registers_armEE13isSignalFrameEv) for [Anonymous Symbol]
    libunwind.cpp.o(.ARM.exidx.text._ZN9libunwind12UnwindCursorINS_17LocalAddressSpaceENS_13Registers_armEE15getFunctionNameEPcjPj) refers to Unwind-EHABI.cpp.o(.text.__aeabi_unwind_cpp_pr0) for __aeabi_unwind_cpp_pr0
    libunwind.cpp.o(.ARM.exidx.text._ZN9libunwind12UnwindCursorINS_17LocalAddressSpaceENS_13Registers_armEE15getFunctionNameEPcjPj) refers to libunwind.cpp.o(.text._ZN9libunwind12UnwindCursorINS_17LocalAddressSpaceENS_13Registers_armEE15getFunctionNameEPcjPj) for [Anonymous Symbol]
    libunwind.cpp.o(.text._ZN9libunwind12UnwindCursorINS_17LocalAddressSpaceENS_13Registers_armEE24setInfoBasedOnIPRegisterEb) refers to libunwind.cpp.o(.text._ZN9libunwind12UnwindCursorINS_17LocalAddressSpaceENS_13Registers_armEE23getInfoFromEHABISectionEjRKNS_18UnwindInfoSectionsE) for libunwind::UnwindCursor<libunwind::LocalAddressSpace, libunwind::Registers_arm>::getInfoFromEHABISection(unsigned, const libunwind::UnwindInfoSections&)
    libunwind.cpp.o(.ARM.exidx.text._ZN9libunwind12UnwindCursorINS_17LocalAddressSpaceENS_13Registers_armEE24setInfoBasedOnIPRegisterEb) refers to Unwind-EHABI.cpp.o(.text.__aeabi_unwind_cpp_pr0) for __aeabi_unwind_cpp_pr0
    libunwind.cpp.o(.ARM.exidx.text._ZN9libunwind12UnwindCursorINS_17LocalAddressSpaceENS_13Registers_armEE24setInfoBasedOnIPRegisterEb) refers to libunwind.cpp.o(.text._ZN9libunwind12UnwindCursorINS_17LocalAddressSpaceENS_13Registers_armEE24setInfoBasedOnIPRegisterEb) for [Anonymous Symbol]
    libunwind.cpp.o(.text._ZN9libunwind12UnwindCursorINS_17LocalAddressSpaceENS_13Registers_armEE15getRegisterNameEi) refers to libunwind.cpp.o(.text._ZN9libunwind13Registers_arm15getRegisterNameEi) for libunwind::Registers_arm::getRegisterName(int)
    libunwind.cpp.o(.ARM.exidx.text._ZN9libunwind12UnwindCursorINS_17LocalAddressSpaceENS_13Registers_armEE15getRegisterNameEi) refers to Unwind-EHABI.cpp.o(.text.__aeabi_unwind_cpp_pr0) for __aeabi_unwind_cpp_pr0
    libunwind.cpp.o(.ARM.exidx.text._ZN9libunwind12UnwindCursorINS_17LocalAddressSpaceENS_13Registers_armEE15getRegisterNameEi) refers to libunwind.cpp.o(.text._ZN9libunwind12UnwindCursorINS_17LocalAddressSpaceENS_13Registers_armEE15getRegisterNameEi) for [Anonymous Symbol]
    libunwind.cpp.o(.ARM.exidx.text._ZN9libunwind12UnwindCursorINS_17LocalAddressSpaceENS_13Registers_armEE10saveVFPAsXEv) refers to Unwind-EHABI.cpp.o(.text.__aeabi_unwind_cpp_pr0) for __aeabi_unwind_cpp_pr0
    libunwind.cpp.o(.ARM.exidx.text._ZN9libunwind12UnwindCursorINS_17LocalAddressSpaceENS_13Registers_armEE10saveVFPAsXEv) refers to libunwind.cpp.o(.text._ZN9libunwind12UnwindCursorINS_17LocalAddressSpaceENS_13Registers_armEE10saveVFPAsXEv) for [Anonymous Symbol]
    libunwind.cpp.o(.text._ZN9libunwind12UnwindCursorINS_17LocalAddressSpaceENS_13Registers_armEE13stepWithEHABIEv) refers to Unwind-EHABI.cpp.o(.text.decode_eht_entry) for decode_eht_entry
    libunwind.cpp.o(.text._ZN9libunwind12UnwindCursorINS_17LocalAddressSpaceENS_13Registers_armEE13stepWithEHABIEv) refers to Unwind-EHABI.cpp.o(.text._Unwind_VRS_Interpret) for _Unwind_VRS_Interpret
    libunwind.cpp.o(.ARM.exidx.text._ZN9libunwind12UnwindCursorINS_17LocalAddressSpaceENS_13Registers_armEE13stepWithEHABIEv) refers to Unwind-EHABI.cpp.o(.text.__aeabi_unwind_cpp_pr0) for __aeabi_unwind_cpp_pr0
    libunwind.cpp.o(.ARM.exidx.text._ZN9libunwind12UnwindCursorINS_17LocalAddressSpaceENS_13Registers_armEE13stepWithEHABIEv) refers to libunwind.cpp.o(.text._ZN9libunwind12UnwindCursorINS_17LocalAddressSpaceENS_13Registers_armEE13stepWithEHABIEv) for [Anonymous Symbol]
    libunwind.cpp.o(.text._ZN9libunwind13Registers_arm26restoreSavedFloatRegistersEv) refers to UnwindRegistersRestore.S.o(.text) for libunwind::Registers_arm::restoreVFPWithFLDMX(unsigned long long*)
    libunwind.cpp.o(.ARM.exidx.text._ZN9libunwind13Registers_arm26restoreSavedFloatRegistersEv) refers to Unwind-EHABI.cpp.o(.text.__aeabi_unwind_cpp_pr0) for __aeabi_unwind_cpp_pr0
    libunwind.cpp.o(.ARM.exidx.text._ZN9libunwind13Registers_arm26restoreSavedFloatRegistersEv) refers to libunwind.cpp.o(.text._ZN9libunwind13Registers_arm26restoreSavedFloatRegistersEv) for [Anonymous Symbol]
    libunwind.cpp.o(.text._ZN9libunwind12UnwindCursorINS_17LocalAddressSpaceENS_13Registers_armEE23getInfoFromEHABISectionEjRKNS_18UnwindInfoSectionsE) refers to libunwind.cpp.o(.text._ZNSt3__113__upper_boundIRNS_6__lessIjjEEN9libunwind20EHABISectionIteratorINS4_17LocalAddressSpaceEEEjEET0_S8_S8_RKT1_T_) for T2 std::__1::__upper_bound<std::__1::__less<unsigned, unsigned>&, libunwind::EHABISectionIterator<libunwind::LocalAddressSpace>, unsigned>(T2, T2, const T3&, T1)
    libunwind.cpp.o(.text._ZN9libunwind12UnwindCursorINS_17LocalAddressSpaceENS_13Registers_armEE23getInfoFromEHABISectionEjRKNS_18UnwindInfoSectionsE) refers to Unwind-EHABI.cpp.o(.text.__aeabi_unwind_cpp_pr0) for __aeabi_unwind_cpp_pr0
    libunwind.cpp.o(.text._ZN9libunwind12UnwindCursorINS_17LocalAddressSpaceENS_13Registers_armEE23getInfoFromEHABISectionEjRKNS_18UnwindInfoSectionsE) refers to Unwind-EHABI.cpp.o(.text.__aeabi_unwind_cpp_pr1) for __aeabi_unwind_cpp_pr1
    libunwind.cpp.o(.text._ZN9libunwind12UnwindCursorINS_17LocalAddressSpaceENS_13Registers_armEE23getInfoFromEHABISectionEjRKNS_18UnwindInfoSectionsE) refers to Unwind-EHABI.cpp.o(.text.__aeabi_unwind_cpp_pr2) for __aeabi_unwind_cpp_pr2
    libunwind.cpp.o(.text._ZN9libunwind12UnwindCursorINS_17LocalAddressSpaceENS_13Registers_armEE23getInfoFromEHABISectionEjRKNS_18UnwindInfoSectionsE) refers to abort.o(.text) for abort
    libunwind.cpp.o(.ARM.exidx.text._ZN9libunwind12UnwindCursorINS_17LocalAddressSpaceENS_13Registers_armEE23getInfoFromEHABISectionEjRKNS_18UnwindInfoSectionsE) refers to Unwind-EHABI.cpp.o(.text.__aeabi_unwind_cpp_pr0) for __aeabi_unwind_cpp_pr0
    libunwind.cpp.o(.ARM.exidx.text._ZN9libunwind12UnwindCursorINS_17LocalAddressSpaceENS_13Registers_armEE23getInfoFromEHABISectionEjRKNS_18UnwindInfoSectionsE) refers to libunwind.cpp.o(.text._ZN9libunwind12UnwindCursorINS_17LocalAddressSpaceENS_13Registers_armEE23getInfoFromEHABISectionEjRKNS_18UnwindInfoSectionsE) for [Anonymous Symbol]
    libunwind.cpp.o(.ARM.exidx.text._ZNSt3__113__upper_boundIRNS_6__lessIjjEEN9libunwind20EHABISectionIteratorINS4_17LocalAddressSpaceEEEjEET0_S8_S8_RKT1_T_) refers to Unwind-EHABI.cpp.o(.text.__aeabi_unwind_cpp_pr0) for __aeabi_unwind_cpp_pr0
    libunwind.cpp.o(.ARM.exidx.text._ZNSt3__113__upper_boundIRNS_6__lessIjjEEN9libunwind20EHABISectionIteratorINS4_17LocalAddressSpaceEEEjEET0_S8_S8_RKT1_T_) refers to libunwind.cpp.o(.text._ZNSt3__113__upper_boundIRNS_6__lessIjjEEN9libunwind20EHABISectionIteratorINS4_17LocalAddressSpaceEEEjEET0_S8_S8_RKT1_T_) for [Anonymous Symbol]
    libunwind.cpp.o(.text._ZN9libunwind13Registers_arm15getRegisterNameEi) refers to libunwind.cpp.o(.rodata.str1.1) for .L.str
    libunwind.cpp.o(.ARM.exidx.text._ZN9libunwind13Registers_arm15getRegisterNameEi) refers to Unwind-EHABI.cpp.o(.text.__aeabi_unwind_cpp_pr0) for __aeabi_unwind_cpp_pr0
    libunwind.cpp.o(.ARM.exidx.text._ZN9libunwind13Registers_arm15getRegisterNameEi) refers to libunwind.cpp.o(.text._ZN9libunwind13Registers_arm15getRegisterNameEi) for [Anonymous Symbol]
    libunwind.cpp.o(.rodata._ZTVN9libunwind12UnwindCursorINS_17LocalAddressSpaceENS_13Registers_armEEE) refers to libunwind.cpp.o(.text._ZN9libunwind20AbstractUnwindCursorD2Ev) for libunwind::AbstractUnwindCursor::~AbstractUnwindCursor__sub_object()
    libunwind.cpp.o(.rodata._ZTVN9libunwind12UnwindCursorINS_17LocalAddressSpaceENS_13Registers_armEEE) refers to libunwind.cpp.o(.text._ZN9libunwind12UnwindCursorINS_17LocalAddressSpaceENS_13Registers_armEED0Ev) for libunwind::UnwindCursor<libunwind::LocalAddressSpace, libunwind::Registers_arm>::~UnwindCursor__deallocating()
    libunwind.cpp.o(.rodata._ZTVN9libunwind12UnwindCursorINS_17LocalAddressSpaceENS_13Registers_armEEE) refers to libunwind.cpp.o(.text._ZN9libunwind12UnwindCursorINS_17LocalAddressSpaceENS_13Registers_armEE8validRegEi) for libunwind::UnwindCursor<libunwind::LocalAddressSpace, libunwind::Registers_arm>::validReg(int)
    libunwind.cpp.o(.rodata._ZTVN9libunwind12UnwindCursorINS_17LocalAddressSpaceENS_13Registers_armEEE) refers to libunwind.cpp.o(.text._ZN9libunwind12UnwindCursorINS_17LocalAddressSpaceENS_13Registers_armEE6getRegEi) for libunwind::UnwindCursor<libunwind::LocalAddressSpace, libunwind::Registers_arm>::getReg(int)
    libunwind.cpp.o(.rodata._ZTVN9libunwind12UnwindCursorINS_17LocalAddressSpaceENS_13Registers_armEEE) refers to libunwind.cpp.o(.text._ZN9libunwind12UnwindCursorINS_17LocalAddressSpaceENS_13Registers_armEE6setRegEij) for libunwind::UnwindCursor<libunwind::LocalAddressSpace, libunwind::Registers_arm>::setReg(int, unsigned)
    libunwind.cpp.o(.rodata._ZTVN9libunwind12UnwindCursorINS_17LocalAddressSpaceENS_13Registers_armEEE) refers to libunwind.cpp.o(.text._ZN9libunwind12UnwindCursorINS_17LocalAddressSpaceENS_13Registers_armEE13validFloatRegEi) for libunwind::UnwindCursor<libunwind::LocalAddressSpace, libunwind::Registers_arm>::validFloatReg(int)
    libunwind.cpp.o(.rodata._ZTVN9libunwind12UnwindCursorINS_17LocalAddressSpaceENS_13Registers_armEEE) refers to libunwind.cpp.o(.text._ZN9libunwind12UnwindCursorINS_17LocalAddressSpaceENS_13Registers_armEE11getFloatRegEi) for libunwind::UnwindCursor<libunwind::LocalAddressSpace, libunwind::Registers_arm>::getFloatReg(int)
    libunwind.cpp.o(.rodata._ZTVN9libunwind12UnwindCursorINS_17LocalAddressSpaceENS_13Registers_armEEE) refers to libunwind.cpp.o(.text._ZN9libunwind12UnwindCursorINS_17LocalAddressSpaceENS_13Registers_armEE11setFloatRegEiy) for libunwind::UnwindCursor<libunwind::LocalAddressSpace, libunwind::Registers_arm>::setFloatReg(int, unsigned long long)
    libunwind.cpp.o(.rodata._ZTVN9libunwind12UnwindCursorINS_17LocalAddressSpaceENS_13Registers_armEEE) refers to libunwind.cpp.o(.text._ZN9libunwind12UnwindCursorINS_17LocalAddressSpaceENS_13Registers_armEE4stepEv) for libunwind::UnwindCursor<libunwind::LocalAddressSpace, libunwind::Registers_arm>::step()
    libunwind.cpp.o(.rodata._ZTVN9libunwind12UnwindCursorINS_17LocalAddressSpaceENS_13Registers_armEEE) refers to libunwind.cpp.o(.text._ZN9libunwind12UnwindCursorINS_17LocalAddressSpaceENS_13Registers_armEE7getInfoEP15unw_proc_info_t) for libunwind::UnwindCursor<libunwind::LocalAddressSpace, libunwind::Registers_arm>::getInfo(unw_proc_info_t*)
    libunwind.cpp.o(.rodata._ZTVN9libunwind12UnwindCursorINS_17LocalAddressSpaceENS_13Registers_armEEE) refers to libunwind.cpp.o(.text._ZN9libunwind12UnwindCursorINS_17LocalAddressSpaceENS_13Registers_armEE6jumptoEv) for libunwind::UnwindCursor<libunwind::LocalAddressSpace, libunwind::Registers_arm>::jumpto()
    libunwind.cpp.o(.rodata._ZTVN9libunwind12UnwindCursorINS_17LocalAddressSpaceENS_13Registers_armEEE) refers to libunwind.cpp.o(.text._ZN9libunwind12UnwindCursorINS_17LocalAddressSpaceENS_13Registers_armEE13isSignalFrameEv) for libunwind::UnwindCursor<libunwind::LocalAddressSpace, libunwind::Registers_arm>::isSignalFrame()
    libunwind.cpp.o(.rodata._ZTVN9libunwind12UnwindCursorINS_17LocalAddressSpaceENS_13Registers_armEEE) refers to libunwind.cpp.o(.text._ZN9libunwind12UnwindCursorINS_17LocalAddressSpaceENS_13Registers_armEE15getFunctionNameEPcjPj) for libunwind::UnwindCursor<libunwind::LocalAddressSpace, libunwind::Registers_arm>::getFunctionName(char*, unsigned, unsigned*)
    libunwind.cpp.o(.rodata._ZTVN9libunwind12UnwindCursorINS_17LocalAddressSpaceENS_13Registers_armEEE) refers to libunwind.cpp.o(.text._ZN9libunwind12UnwindCursorINS_17LocalAddressSpaceENS_13Registers_armEE24setInfoBasedOnIPRegisterEb) for libunwind::UnwindCursor<libunwind::LocalAddressSpace, libunwind::Registers_arm>::setInfoBasedOnIPRegister(bool)
    libunwind.cpp.o(.rodata._ZTVN9libunwind12UnwindCursorINS_17LocalAddressSpaceENS_13Registers_armEEE) refers to libunwind.cpp.o(.text._ZN9libunwind12UnwindCursorINS_17LocalAddressSpaceENS_13Registers_armEE15getRegisterNameEi) for libunwind::UnwindCursor<libunwind::LocalAddressSpace, libunwind::Registers_arm>::getRegisterName(int)
    libunwind.cpp.o(.rodata._ZTVN9libunwind12UnwindCursorINS_17LocalAddressSpaceENS_13Registers_armEEE) refers to libunwind.cpp.o(.text._ZN9libunwind12UnwindCursorINS_17LocalAddressSpaceENS_13Registers_armEE10saveVFPAsXEv) for libunwind::UnwindCursor<libunwind::LocalAddressSpace, libunwind::Registers_arm>::saveVFPAsX()


==============================================================================

Removing Unused input sections from the image.

    Removing main.o(.text), (0 bytes).
    Removing main.o(.text.app_main), (12 bytes).
    Removing main.o(.ARM.exidx.text.app_main), (8 bytes).
    Removing thread.o(.text), (0 bytes).
    Removing thread.o(.text._Z17defaultThreadFuncPv), (2 bytes).
    Removing thread.o(.ARM.exidx.text._Z17defaultThreadFuncPv), (8 bytes).
    Removing thread_1.o(.text), (0 bytes).
    Removing scopedlock.o(.text), (0 bytes).
    Removing scopedlock.o(.text._ZN10ScopedLockC2EPv), (20 bytes).
    Removing scopedlock.o(.ARM.exidx.text._ZN10ScopedLockC2EPv), (8 bytes).
    Removing scopedlock.o(.text._ZN10ScopedLockD2Ev), (18 bytes).
    Removing scopedlock.o(.ARM.extab.text._ZN10ScopedLockD2Ev), (32 bytes).
    Removing scopedlock.o(.ARM.exidx.text._ZN10ScopedLockD2Ev), (8 bytes).
    Removing scopedlock.o(.rodata._ZN10ScopedLock16defaultMutexAttrE), (16 bytes).
    Removing scopedlock_1.o(.text), (0 bytes).
    Removing main_1.o(.text), (0 bytes).
    Removing main_1.o(.ARM.use_no_argv), (4 bytes).
    Removing gpio.o(.text), (0 bytes).
    Removing spi.o(.text), (0 bytes).
    Removing spi.o(.text.HAL_SPI_MspDeInit), (52 bytes).
    Removing spi.o(.ARM.exidx.text.HAL_SPI_MspDeInit), (8 bytes).
    Removing tim.o(.text), (0 bytes).
    Removing tim.o(.text.HAL_TIM_Base_MspDeInit), (32 bytes).
    Removing tim.o(.ARM.exidx.text.HAL_TIM_Base_MspDeInit), (8 bytes).
    Removing stm32f1xx_it.o(.text), (0 bytes).
    Removing stm32f1xx_it.o(.text.notused3), (2 bytes).
    Removing stm32f1xx_it.o(.ARM.exidx.text.notused3), (8 bytes).
    Removing stm32f1xx_it.o(.text.notused1), (2 bytes).
    Removing stm32f1xx_it.o(.ARM.exidx.text.notused1), (8 bytes).
    Removing stm32f1xx_it.o(.text.notused2), (14 bytes).
    Removing stm32f1xx_it.o(.ARM.exidx.text.notused2), (8 bytes).
    Removing stm32f1xx_hal_msp.o(.text), (0 bytes).
    Removing stm32f1xx_hal_gpio_ex.o(.text), (0 bytes).
    Removing stm32f1xx_hal_gpio_ex.o(.text.HAL_GPIOEx_ConfigEventout), (20 bytes).
    Removing stm32f1xx_hal_gpio_ex.o(.ARM.exidx.text.HAL_GPIOEx_ConfigEventout), (8 bytes).
    Removing stm32f1xx_hal_gpio_ex.o(.text.HAL_GPIOEx_EnableEventout), (16 bytes).
    Removing stm32f1xx_hal_gpio_ex.o(.ARM.exidx.text.HAL_GPIOEx_EnableEventout), (8 bytes).
    Removing stm32f1xx_hal_gpio_ex.o(.text.HAL_GPIOEx_DisableEventout), (16 bytes).
    Removing stm32f1xx_hal_gpio_ex.o(.ARM.exidx.text.HAL_GPIOEx_DisableEventout), (8 bytes).
    Removing stm32f1xx_hal_spi.o(.text), (0 bytes).
    Removing stm32f1xx_hal_spi.o(.text.HAL_SPI_Init), (126 bytes).
    Removing stm32f1xx_hal_spi.o(.ARM.exidx.text.HAL_SPI_Init), (8 bytes).
    Removing stm32f1xx_hal_spi.o(.text.HAL_SPI_MspInit), (2 bytes).
    Removing stm32f1xx_hal_spi.o(.ARM.exidx.text.HAL_SPI_MspInit), (8 bytes).
    Removing stm32f1xx_hal_spi.o(.text.HAL_SPI_DeInit), (46 bytes).
    Removing stm32f1xx_hal_spi.o(.ARM.exidx.text.HAL_SPI_DeInit), (8 bytes).
    Removing stm32f1xx_hal_spi.o(.text.HAL_SPI_MspDeInit), (2 bytes).
    Removing stm32f1xx_hal_spi.o(.ARM.exidx.text.HAL_SPI_MspDeInit), (8 bytes).
    Removing stm32f1xx_hal_spi.o(.text.HAL_SPI_Abort), (196 bytes).
    Removing stm32f1xx_hal_spi.o(.ARM.exidx.text.HAL_SPI_Abort), (8 bytes).
    Removing stm32f1xx_hal_spi.o(.text.SPI_AbortTx_ISR), (20 bytes).
    Removing stm32f1xx_hal_spi.o(.ARM.exidx.text.SPI_AbortTx_ISR), (8 bytes).
    Removing stm32f1xx_hal_spi.o(.text.SPI_AbortRx_ISR), (88 bytes).
    Removing stm32f1xx_hal_spi.o(.ARM.exidx.text.SPI_AbortRx_ISR), (8 bytes).
    Removing stm32f1xx_hal_spi.o(.text.HAL_SPI_Abort_IT), (236 bytes).
    Removing stm32f1xx_hal_spi.o(.ARM.exidx.text.HAL_SPI_Abort_IT), (8 bytes).
    Removing stm32f1xx_hal_spi.o(.text.SPI_DMATxAbortCallback), (104 bytes).
    Removing stm32f1xx_hal_spi.o(.ARM.exidx.text.SPI_DMATxAbortCallback), (8 bytes).
    Removing stm32f1xx_hal_spi.o(.text.SPI_DMARxAbortCallback), (72 bytes).
    Removing stm32f1xx_hal_spi.o(.ARM.exidx.text.SPI_DMARxAbortCallback), (8 bytes).
    Removing stm32f1xx_hal_spi.o(.text.HAL_SPI_AbortCpltCallback), (2 bytes).
    Removing stm32f1xx_hal_spi.o(.ARM.exidx.text.HAL_SPI_AbortCpltCallback), (8 bytes).
    Removing stm32f1xx_hal_spi.o(.text.HAL_SPI_DMAPause), (32 bytes).
    Removing stm32f1xx_hal_spi.o(.ARM.exidx.text.HAL_SPI_DMAPause), (8 bytes).
    Removing stm32f1xx_hal_spi.o(.text.HAL_SPI_DMAResume), (32 bytes).
    Removing stm32f1xx_hal_spi.o(.ARM.exidx.text.HAL_SPI_DMAResume), (8 bytes).
    Removing stm32f1xx_hal_spi.o(.text.HAL_SPI_DMAStop), (40 bytes).
    Removing stm32f1xx_hal_spi.o(.ARM.exidx.text.HAL_SPI_DMAStop), (8 bytes).
    Removing stm32f1xx_hal_spi.o(.text.HAL_SPI_TxCpltCallback), (2 bytes).
    Removing stm32f1xx_hal_spi.o(.ARM.exidx.text.HAL_SPI_TxCpltCallback), (8 bytes).
    Removing stm32f1xx_hal_spi.o(.text.HAL_SPI_RxCpltCallback), (2 bytes).
    Removing stm32f1xx_hal_spi.o(.ARM.exidx.text.HAL_SPI_RxCpltCallback), (8 bytes).
    Removing stm32f1xx_hal_spi.o(.text.HAL_SPI_TxRxCpltCallback), (2 bytes).
    Removing stm32f1xx_hal_spi.o(.ARM.exidx.text.HAL_SPI_TxRxCpltCallback), (8 bytes).
    Removing stm32f1xx_hal_spi.o(.text.HAL_SPI_GetState), (6 bytes).
    Removing stm32f1xx_hal_spi.o(.ARM.exidx.text.HAL_SPI_GetState), (8 bytes).
    Removing stm32f1xx_hal_spi.o(.text.HAL_SPI_GetError), (4 bytes).
    Removing stm32f1xx_hal_spi.o(.ARM.exidx.text.HAL_SPI_GetError), (8 bytes).
    Removing stm32f1xx_hal_spi.o(.text.SPI_ISCRCErrorValid), (4 bytes).
    Removing stm32f1xx_hal_spi.o(.ARM.exidx.text.SPI_ISCRCErrorValid), (8 bytes).
    Removing stm32f1xx_hal_spi_ex.o(.text), (0 bytes).
    Removing stm32f1xx_hal_tim.o(.text), (0 bytes).
    Removing stm32f1xx_hal_tim.o(.text.HAL_TIM_Base_MspInit), (2 bytes).
    Removing stm32f1xx_hal_tim.o(.ARM.exidx.text.HAL_TIM_Base_MspInit), (8 bytes).
    Removing stm32f1xx_hal_tim.o(.text.HAL_TIM_Base_DeInit), (60 bytes).
    Removing stm32f1xx_hal_tim.o(.ARM.exidx.text.HAL_TIM_Base_DeInit), (8 bytes).
    Removing stm32f1xx_hal_tim.o(.text.HAL_TIM_Base_MspDeInit), (2 bytes).
    Removing stm32f1xx_hal_tim.o(.ARM.exidx.text.HAL_TIM_Base_MspDeInit), (8 bytes).
    Removing stm32f1xx_hal_tim.o(.text.HAL_TIM_Base_Start), (26 bytes).
    Removing stm32f1xx_hal_tim.o(.ARM.exidx.text.HAL_TIM_Base_Start), (8 bytes).
    Removing stm32f1xx_hal_tim.o(.text.HAL_TIM_Base_Stop), (46 bytes).
    Removing stm32f1xx_hal_tim.o(.ARM.exidx.text.HAL_TIM_Base_Stop), (8 bytes).
    Removing stm32f1xx_hal_tim.o(.text.HAL_TIM_Base_Start_IT), (22 bytes).
    Removing stm32f1xx_hal_tim.o(.ARM.exidx.text.HAL_TIM_Base_Start_IT), (8 bytes).
    Removing stm32f1xx_hal_tim.o(.text.HAL_TIM_Base_Stop_IT), (42 bytes).
    Removing stm32f1xx_hal_tim.o(.ARM.exidx.text.HAL_TIM_Base_Stop_IT), (8 bytes).
    Removing stm32f1xx_hal_tim.o(.text.HAL_TIM_Base_Stop_DMA), (48 bytes).
    Removing stm32f1xx_hal_tim.o(.ARM.exidx.text.HAL_TIM_Base_Stop_DMA), (8 bytes).
    Removing stm32f1xx_hal_tim.o(.text.HAL_TIM_OC_DeInit), (60 bytes).
    Removing stm32f1xx_hal_tim.o(.ARM.exidx.text.HAL_TIM_OC_DeInit), (8 bytes).
    Removing stm32f1xx_hal_tim.o(.text.HAL_TIM_OC_MspDeInit), (2 bytes).
    Removing stm32f1xx_hal_tim.o(.ARM.exidx.text.HAL_TIM_OC_MspDeInit), (8 bytes).
    Removing stm32f1xx_hal_tim.o(.text.HAL_TIM_PWM_DeInit), (60 bytes).
    Removing stm32f1xx_hal_tim.o(.ARM.exidx.text.HAL_TIM_PWM_DeInit), (8 bytes).
    Removing stm32f1xx_hal_tim.o(.text.HAL_TIM_PWM_MspDeInit), (2 bytes).
    Removing stm32f1xx_hal_tim.o(.ARM.exidx.text.HAL_TIM_PWM_MspDeInit), (8 bytes).
    Removing stm32f1xx_hal_tim.o(.text.HAL_TIM_IC_DeInit), (60 bytes).
    Removing stm32f1xx_hal_tim.o(.ARM.exidx.text.HAL_TIM_IC_DeInit), (8 bytes).
    Removing stm32f1xx_hal_tim.o(.text.HAL_TIM_IC_MspDeInit), (2 bytes).
    Removing stm32f1xx_hal_tim.o(.ARM.exidx.text.HAL_TIM_IC_MspDeInit), (8 bytes).
    Removing stm32f1xx_hal_tim.o(.text.HAL_TIM_OnePulse_DeInit), (60 bytes).
    Removing stm32f1xx_hal_tim.o(.ARM.exidx.text.HAL_TIM_OnePulse_DeInit), (8 bytes).
    Removing stm32f1xx_hal_tim.o(.text.HAL_TIM_OnePulse_MspDeInit), (2 bytes).
    Removing stm32f1xx_hal_tim.o(.ARM.exidx.text.HAL_TIM_OnePulse_MspDeInit), (8 bytes).
    Removing stm32f1xx_hal_tim.o(.text.HAL_TIM_Encoder_DeInit), (60 bytes).
    Removing stm32f1xx_hal_tim.o(.ARM.exidx.text.HAL_TIM_Encoder_DeInit), (8 bytes).
    Removing stm32f1xx_hal_tim.o(.text.HAL_TIM_Encoder_MspDeInit), (2 bytes).
    Removing stm32f1xx_hal_tim.o(.ARM.exidx.text.HAL_TIM_Encoder_MspDeInit), (8 bytes).
    Removing stm32f1xx_hal_tim.o(.text.HAL_TIM_DMABurst_WriteStop), (90 bytes).
    Removing stm32f1xx_hal_tim.o(.ARM.exidx.text.HAL_TIM_DMABurst_WriteStop), (8 bytes).
    Removing stm32f1xx_hal_tim.o(.text.HAL_TIM_DMABurst_ReadStop), (90 bytes).
    Removing stm32f1xx_hal_tim.o(.ARM.exidx.text.HAL_TIM_DMABurst_ReadStop), (8 bytes).
    Removing stm32f1xx_hal_tim.o(.text.HAL_TIM_GenerateEvent), (34 bytes).
    Removing stm32f1xx_hal_tim.o(.ARM.exidx.text.HAL_TIM_GenerateEvent), (8 bytes).
    Removing stm32f1xx_hal_tim.o(.text.HAL_TIM_ConfigOCrefClear), (188 bytes).
    Removing stm32f1xx_hal_tim.o(.ARM.exidx.text.HAL_TIM_ConfigOCrefClear), (8 bytes).
    Removing stm32f1xx_hal_tim.o(.text.HAL_TIM_ConfigTI1Input), (16 bytes).
    Removing stm32f1xx_hal_tim.o(.ARM.exidx.text.HAL_TIM_ConfigTI1Input), (8 bytes).
    Removing stm32f1xx_hal_tim.o(.text.HAL_TIM_ReadCapturedValue), (72 bytes).
    Removing stm32f1xx_hal_tim.o(.ARM.exidx.text.HAL_TIM_ReadCapturedValue), (8 bytes).
    Removing stm32f1xx_hal_tim.o(.text.HAL_TIM_Base_GetState), (6 bytes).
    Removing stm32f1xx_hal_tim.o(.ARM.exidx.text.HAL_TIM_Base_GetState), (8 bytes).
    Removing stm32f1xx_hal_tim.o(.text.HAL_TIM_OC_GetState), (6 bytes).
    Removing stm32f1xx_hal_tim.o(.ARM.exidx.text.HAL_TIM_OC_GetState), (8 bytes).
    Removing stm32f1xx_hal_tim.o(.text.HAL_TIM_PWM_GetState), (6 bytes).
    Removing stm32f1xx_hal_tim.o(.ARM.exidx.text.HAL_TIM_PWM_GetState), (8 bytes).
    Removing stm32f1xx_hal_tim.o(.text.HAL_TIM_IC_GetState), (6 bytes).
    Removing stm32f1xx_hal_tim.o(.ARM.exidx.text.HAL_TIM_IC_GetState), (8 bytes).
    Removing stm32f1xx_hal_tim.o(.text.HAL_TIM_OnePulse_GetState), (6 bytes).
    Removing stm32f1xx_hal_tim.o(.ARM.exidx.text.HAL_TIM_OnePulse_GetState), (8 bytes).
    Removing stm32f1xx_hal_tim.o(.text.HAL_TIM_Encoder_GetState), (6 bytes).
    Removing stm32f1xx_hal_tim.o(.ARM.exidx.text.HAL_TIM_Encoder_GetState), (8 bytes).
    Removing stm32f1xx_hal_tim_ex.o(.text), (0 bytes).
    Removing stm32f1xx_hal_tim_ex.o(.text.HAL_TIMEx_HallSensor_Init), (174 bytes).
    Removing stm32f1xx_hal_tim_ex.o(.ARM.exidx.text.HAL_TIMEx_HallSensor_Init), (8 bytes).
    Removing stm32f1xx_hal_tim_ex.o(.text.HAL_TIMEx_HallSensor_MspInit), (2 bytes).
    Removing stm32f1xx_hal_tim_ex.o(.ARM.exidx.text.HAL_TIMEx_HallSensor_MspInit), (8 bytes).
    Removing stm32f1xx_hal_tim_ex.o(.text.HAL_TIMEx_HallSensor_DeInit), (60 bytes).
    Removing stm32f1xx_hal_tim_ex.o(.ARM.exidx.text.HAL_TIMEx_HallSensor_DeInit), (8 bytes).
    Removing stm32f1xx_hal_tim_ex.o(.text.HAL_TIMEx_HallSensor_MspDeInit), (2 bytes).
    Removing stm32f1xx_hal_tim_ex.o(.ARM.exidx.text.HAL_TIMEx_HallSensor_MspDeInit), (8 bytes).
    Removing stm32f1xx_hal_tim_ex.o(.text.HAL_TIMEx_HallSensor_Start), (28 bytes).
    Removing stm32f1xx_hal_tim_ex.o(.ARM.exidx.text.HAL_TIMEx_HallSensor_Start), (8 bytes).
    Removing stm32f1xx_hal_tim_ex.o(.text.HAL_TIMEx_HallSensor_Stop), (48 bytes).
    Removing stm32f1xx_hal_tim_ex.o(.ARM.exidx.text.HAL_TIMEx_HallSensor_Stop), (8 bytes).
    Removing stm32f1xx_hal_tim_ex.o(.text.HAL_TIMEx_HallSensor_Start_IT), (36 bytes).
    Removing stm32f1xx_hal_tim_ex.o(.ARM.exidx.text.HAL_TIMEx_HallSensor_Start_IT), (8 bytes).
    Removing stm32f1xx_hal_tim_ex.o(.text.HAL_TIMEx_HallSensor_Stop_IT), (56 bytes).
    Removing stm32f1xx_hal_tim_ex.o(.ARM.exidx.text.HAL_TIMEx_HallSensor_Stop_IT), (8 bytes).
    Removing stm32f1xx_hal_tim_ex.o(.text.HAL_TIMEx_HallSensor_Start_DMA), (112 bytes).
    Removing stm32f1xx_hal_tim_ex.o(.ARM.exidx.text.HAL_TIMEx_HallSensor_Start_DMA), (8 bytes).
    Removing stm32f1xx_hal_tim_ex.o(.text.HAL_TIMEx_HallSensor_Stop_DMA), (56 bytes).
    Removing stm32f1xx_hal_tim_ex.o(.ARM.exidx.text.HAL_TIMEx_HallSensor_Stop_DMA), (8 bytes).
    Removing stm32f1xx_hal_tim_ex.o(.text.HAL_TIMEx_OCN_Start), (34 bytes).
    Removing stm32f1xx_hal_tim_ex.o(.ARM.exidx.text.HAL_TIMEx_OCN_Start), (8 bytes).
    Removing stm32f1xx_hal_tim_ex.o(.text.TIM_CCxNChannelCmd), (26 bytes).
    Removing stm32f1xx_hal_tim_ex.o(.ARM.exidx.text.TIM_CCxNChannelCmd), (8 bytes).
    Removing stm32f1xx_hal_tim_ex.o(.text.HAL_TIMEx_OCN_Stop), (70 bytes).
    Removing stm32f1xx_hal_tim_ex.o(.ARM.exidx.text.HAL_TIMEx_OCN_Stop), (8 bytes).
    Removing stm32f1xx_hal_tim_ex.o(.text.HAL_TIMEx_OCN_Start_IT), (70 bytes).
    Removing stm32f1xx_hal_tim_ex.o(.ARM.exidx.text.HAL_TIMEx_OCN_Start_IT), (8 bytes).
    Removing stm32f1xx_hal_tim_ex.o(.text.HAL_TIMEx_OCN_Stop_IT), (124 bytes).
    Removing stm32f1xx_hal_tim_ex.o(.ARM.exidx.text.HAL_TIMEx_OCN_Stop_IT), (8 bytes).
    Removing stm32f1xx_hal_tim_ex.o(.text.HAL_TIMEx_OCN_Start_DMA), (204 bytes).
    Removing stm32f1xx_hal_tim_ex.o(.ARM.exidx.text.HAL_TIMEx_OCN_Start_DMA), (8 bytes).
    Removing stm32f1xx_hal_tim_ex.o(.text.HAL_TIMEx_OCN_Stop_DMA), (120 bytes).
    Removing stm32f1xx_hal_tim_ex.o(.ARM.exidx.text.HAL_TIMEx_OCN_Stop_DMA), (8 bytes).
    Removing stm32f1xx_hal_tim_ex.o(.text.HAL_TIMEx_PWMN_Start), (34 bytes).
    Removing stm32f1xx_hal_tim_ex.o(.ARM.exidx.text.HAL_TIMEx_PWMN_Start), (8 bytes).
    Removing stm32f1xx_hal_tim_ex.o(.text.HAL_TIMEx_PWMN_Stop), (70 bytes).
    Removing stm32f1xx_hal_tim_ex.o(.ARM.exidx.text.HAL_TIMEx_PWMN_Stop), (8 bytes).
    Removing stm32f1xx_hal_tim_ex.o(.text.HAL_TIMEx_PWMN_Start_IT), (70 bytes).
    Removing stm32f1xx_hal_tim_ex.o(.ARM.exidx.text.HAL_TIMEx_PWMN_Start_IT), (8 bytes).
    Removing stm32f1xx_hal_tim_ex.o(.text.HAL_TIMEx_PWMN_Stop_IT), (124 bytes).
    Removing stm32f1xx_hal_tim_ex.o(.ARM.exidx.text.HAL_TIMEx_PWMN_Stop_IT), (8 bytes).
    Removing stm32f1xx_hal_tim_ex.o(.text.HAL_TIMEx_PWMN_Start_DMA), (204 bytes).
    Removing stm32f1xx_hal_tim_ex.o(.ARM.exidx.text.HAL_TIMEx_PWMN_Start_DMA), (8 bytes).
    Removing stm32f1xx_hal_tim_ex.o(.text.HAL_TIMEx_PWMN_Stop_DMA), (120 bytes).
    Removing stm32f1xx_hal_tim_ex.o(.ARM.exidx.text.HAL_TIMEx_PWMN_Stop_DMA), (8 bytes).
    Removing stm32f1xx_hal_tim_ex.o(.text.HAL_TIMEx_OnePulseN_Start), (26 bytes).
    Removing stm32f1xx_hal_tim_ex.o(.ARM.exidx.text.HAL_TIMEx_OnePulseN_Start), (8 bytes).
    Removing stm32f1xx_hal_tim_ex.o(.text.HAL_TIMEx_OnePulseN_Stop), (70 bytes).
    Removing stm32f1xx_hal_tim_ex.o(.ARM.exidx.text.HAL_TIMEx_OnePulseN_Stop), (8 bytes).
    Removing stm32f1xx_hal_tim_ex.o(.text.HAL_TIMEx_OnePulseN_Start_IT), (42 bytes).
    Removing stm32f1xx_hal_tim_ex.o(.ARM.exidx.text.HAL_TIMEx_OnePulseN_Start_IT), (8 bytes).
    Removing stm32f1xx_hal_tim_ex.o(.text.HAL_TIMEx_OnePulseN_Stop_IT), (86 bytes).
    Removing stm32f1xx_hal_tim_ex.o(.ARM.exidx.text.HAL_TIMEx_OnePulseN_Stop_IT), (8 bytes).
    Removing stm32f1xx_hal_tim_ex.o(.text.HAL_TIMEx_ConfigCommutationEvent), (96 bytes).
    Removing stm32f1xx_hal_tim_ex.o(.ARM.exidx.text.HAL_TIMEx_ConfigCommutationEvent), (8 bytes).
    Removing stm32f1xx_hal_tim_ex.o(.text.HAL_TIMEx_ConfigCommutationEvent_IT), (108 bytes).
    Removing stm32f1xx_hal_tim_ex.o(.ARM.exidx.text.HAL_TIMEx_ConfigCommutationEvent_IT), (8 bytes).
    Removing stm32f1xx_hal_tim_ex.o(.text.HAL_TIMEx_HallSensor_GetState), (6 bytes).
    Removing stm32f1xx_hal_tim_ex.o(.ARM.exidx.text.HAL_TIMEx_HallSensor_GetState), (8 bytes).
    Removing stm32f1xx_hal.o(.text), (0 bytes).
    Removing stm32f1xx_hal.o(.text.HAL_MspInit), (2 bytes).
    Removing stm32f1xx_hal.o(.ARM.exidx.text.HAL_MspInit), (8 bytes).
    Removing stm32f1xx_hal.o(.text.HAL_DeInit), (32 bytes).
    Removing stm32f1xx_hal.o(.ARM.exidx.text.HAL_DeInit), (8 bytes).
    Removing stm32f1xx_hal.o(.text.HAL_MspDeInit), (2 bytes).
    Removing stm32f1xx_hal.o(.ARM.exidx.text.HAL_MspDeInit), (8 bytes).
    Removing stm32f1xx_hal.o(.text.HAL_SuspendTick), (16 bytes).
    Removing stm32f1xx_hal.o(.ARM.exidx.text.HAL_SuspendTick), (8 bytes).
    Removing stm32f1xx_hal.o(.text.HAL_ResumeTick), (16 bytes).
    Removing stm32f1xx_hal.o(.ARM.exidx.text.HAL_ResumeTick), (8 bytes).
    Removing stm32f1xx_hal.o(.text.HAL_GetHalVersion), (8 bytes).
    Removing stm32f1xx_hal.o(.ARM.exidx.text.HAL_GetHalVersion), (8 bytes).
    Removing stm32f1xx_hal.o(.text.HAL_GetREVID), (12 bytes).
    Removing stm32f1xx_hal.o(.ARM.exidx.text.HAL_GetREVID), (8 bytes).
    Removing stm32f1xx_hal.o(.text.HAL_GetDEVID), (16 bytes).
    Removing stm32f1xx_hal.o(.ARM.exidx.text.HAL_GetDEVID), (8 bytes).
    Removing stm32f1xx_hal.o(.text.HAL_DBGMCU_EnableDBGSleepMode), (16 bytes).
    Removing stm32f1xx_hal.o(.ARM.exidx.text.HAL_DBGMCU_EnableDBGSleepMode), (8 bytes).
    Removing stm32f1xx_hal.o(.text.HAL_DBGMCU_DisableDBGSleepMode), (16 bytes).
    Removing stm32f1xx_hal.o(.ARM.exidx.text.HAL_DBGMCU_DisableDBGSleepMode), (8 bytes).
    Removing stm32f1xx_hal.o(.text.HAL_DBGMCU_EnableDBGStopMode), (16 bytes).
    Removing stm32f1xx_hal.o(.ARM.exidx.text.HAL_DBGMCU_EnableDBGStopMode), (8 bytes).
    Removing stm32f1xx_hal.o(.text.HAL_DBGMCU_DisableDBGStopMode), (16 bytes).
    Removing stm32f1xx_hal.o(.ARM.exidx.text.HAL_DBGMCU_DisableDBGStopMode), (8 bytes).
    Removing stm32f1xx_hal.o(.text.HAL_DBGMCU_EnableDBGStandbyMode), (16 bytes).
    Removing stm32f1xx_hal.o(.ARM.exidx.text.HAL_DBGMCU_EnableDBGStandbyMode), (8 bytes).
    Removing stm32f1xx_hal.o(.text.HAL_DBGMCU_DisableDBGStandbyMode), (16 bytes).
    Removing stm32f1xx_hal.o(.ARM.exidx.text.HAL_DBGMCU_DisableDBGStandbyMode), (8 bytes).
    Removing stm32f1xx_hal.o(.text.HAL_GetUID), (20 bytes).
    Removing stm32f1xx_hal.o(.ARM.exidx.text.HAL_GetUID), (8 bytes).
    Removing stm32f1xx_hal_rcc.o(.text), (0 bytes).
    Removing stm32f1xx_hal_rcc.o(.text.HAL_RCC_DeInit), (212 bytes).
    Removing stm32f1xx_hal_rcc.o(.ARM.exidx.text.HAL_RCC_DeInit), (8 bytes).
    Removing stm32f1xx_hal_rcc.o(.text.HAL_RCC_MCOConfig), (76 bytes).
    Removing stm32f1xx_hal_rcc.o(.ARM.exidx.text.HAL_RCC_MCOConfig), (8 bytes).
    Removing stm32f1xx_hal_rcc.o(.text.HAL_RCC_EnableCSS), (12 bytes).
    Removing stm32f1xx_hal_rcc.o(.ARM.exidx.text.HAL_RCC_EnableCSS), (8 bytes).
    Removing stm32f1xx_hal_rcc.o(.text.HAL_RCC_DisableCSS), (12 bytes).
    Removing stm32f1xx_hal_rcc.o(.ARM.exidx.text.HAL_RCC_DisableCSS), (8 bytes).
    Removing stm32f1xx_hal_rcc.o(.text.HAL_RCC_GetPCLK1Freq), (32 bytes).
    Removing stm32f1xx_hal_rcc.o(.ARM.exidx.text.HAL_RCC_GetPCLK1Freq), (8 bytes).
    Removing stm32f1xx_hal_rcc.o(.text.HAL_RCC_GetPCLK2Freq), (32 bytes).
    Removing stm32f1xx_hal_rcc.o(.ARM.exidx.text.HAL_RCC_GetPCLK2Freq), (8 bytes).
    Removing stm32f1xx_hal_rcc.o(.text.HAL_RCC_GetOscConfig), (108 bytes).
    Removing stm32f1xx_hal_rcc.o(.ARM.exidx.text.HAL_RCC_GetOscConfig), (8 bytes).
    Removing stm32f1xx_hal_rcc.o(.text.HAL_RCC_GetClockConfig), (64 bytes).
    Removing stm32f1xx_hal_rcc.o(.ARM.exidx.text.HAL_RCC_GetClockConfig), (8 bytes).
    Removing stm32f1xx_hal_rcc.o(.text.HAL_RCC_NMI_IRQHandler), (28 bytes).
    Removing stm32f1xx_hal_rcc.o(.ARM.exidx.text.HAL_RCC_NMI_IRQHandler), (8 bytes).
    Removing stm32f1xx_hal_rcc.o(.text.HAL_RCC_CSSCallback), (2 bytes).
    Removing stm32f1xx_hal_rcc.o(.ARM.exidx.text.HAL_RCC_CSSCallback), (8 bytes).
    Removing stm32f1xx_hal_rcc_ex.o(.text), (0 bytes).
    Removing stm32f1xx_hal_rcc_ex.o(.text.HAL_RCCEx_PeriphCLKConfig), (256 bytes).
    Removing stm32f1xx_hal_rcc_ex.o(.ARM.exidx.text.HAL_RCCEx_PeriphCLKConfig), (8 bytes).
    Removing stm32f1xx_hal_rcc_ex.o(.text.HAL_RCCEx_GetPeriphCLKConfig), (36 bytes).
    Removing stm32f1xx_hal_rcc_ex.o(.ARM.exidx.text.HAL_RCCEx_GetPeriphCLKConfig), (8 bytes).
    Removing stm32f1xx_hal_rcc_ex.o(.text.HAL_RCCEx_GetPeriphCLKFreq), (216 bytes).
    Removing stm32f1xx_hal_rcc_ex.o(.ARM.exidx.text.HAL_RCCEx_GetPeriphCLKFreq), (8 bytes).
    Removing stm32f1xx_hal_gpio.o(.text), (0 bytes).
    Removing stm32f1xx_hal_gpio.o(.text.HAL_GPIO_DeInit), (256 bytes).
    Removing stm32f1xx_hal_gpio.o(.ARM.exidx.text.HAL_GPIO_DeInit), (8 bytes).
    Removing stm32f1xx_hal_gpio.o(.text.HAL_GPIO_ReadPin), (10 bytes).
    Removing stm32f1xx_hal_gpio.o(.ARM.exidx.text.HAL_GPIO_ReadPin), (8 bytes).
    Removing stm32f1xx_hal_gpio.o(.text.HAL_GPIO_TogglePin), (8 bytes).
    Removing stm32f1xx_hal_gpio.o(.ARM.exidx.text.HAL_GPIO_TogglePin), (8 bytes).
    Removing stm32f1xx_hal_gpio.o(.text.HAL_GPIO_LockPin), (40 bytes).
    Removing stm32f1xx_hal_gpio.o(.ARM.exidx.text.HAL_GPIO_LockPin), (8 bytes).
    Removing stm32f1xx_hal_gpio.o(.text.HAL_GPIO_EXTI_IRQHandler), (20 bytes).
    Removing stm32f1xx_hal_gpio.o(.ARM.exidx.text.HAL_GPIO_EXTI_IRQHandler), (8 bytes).
    Removing stm32f1xx_hal_gpio.o(.text.HAL_GPIO_EXTI_Callback), (2 bytes).
    Removing stm32f1xx_hal_gpio.o(.ARM.exidx.text.HAL_GPIO_EXTI_Callback), (8 bytes).
    Removing stm32f1xx_hal_dma.o(.text), (0 bytes).
    Removing stm32f1xx_hal_dma.o(.text.HAL_DMA_Init), (108 bytes).
    Removing stm32f1xx_hal_dma.o(.ARM.exidx.text.HAL_DMA_Init), (8 bytes).
    Removing stm32f1xx_hal_dma.o(.text.HAL_DMA_DeInit), (76 bytes).
    Removing stm32f1xx_hal_dma.o(.ARM.exidx.text.HAL_DMA_DeInit), (8 bytes).
    Removing stm32f1xx_hal_dma.o(.text.HAL_DMA_Abort), (40 bytes).
    Removing stm32f1xx_hal_dma.o(.ARM.exidx.text.HAL_DMA_Abort), (8 bytes).
    Removing stm32f1xx_hal_dma.o(.text.HAL_DMA_PollForTransfer), (564 bytes).
    Removing stm32f1xx_hal_dma.o(.ARM.exidx.text.HAL_DMA_PollForTransfer), (8 bytes).
    Removing stm32f1xx_hal_dma.o(.text.HAL_DMA_IRQHandler), (328 bytes).
    Removing stm32f1xx_hal_dma.o(.ARM.exidx.text.HAL_DMA_IRQHandler), (8 bytes).
    Removing stm32f1xx_hal_dma.o(.text.HAL_DMA_RegisterCallback), (78 bytes).
    Removing stm32f1xx_hal_dma.o(.ARM.exidx.text.HAL_DMA_RegisterCallback), (8 bytes).
    Removing stm32f1xx_hal_dma.o(.text.HAL_DMA_UnRegisterCallback), (86 bytes).
    Removing stm32f1xx_hal_dma.o(.ARM.exidx.text.HAL_DMA_UnRegisterCallback), (8 bytes).
    Removing stm32f1xx_hal_dma.o(.text.HAL_DMA_GetState), (6 bytes).
    Removing stm32f1xx_hal_dma.o(.ARM.exidx.text.HAL_DMA_GetState), (8 bytes).
    Removing stm32f1xx_hal_dma.o(.text.HAL_DMA_GetError), (4 bytes).
    Removing stm32f1xx_hal_dma.o(.ARM.exidx.text.HAL_DMA_GetError), (8 bytes).
    Removing stm32f1xx_hal_cortex.o(.text), (0 bytes).
    Removing stm32f1xx_hal_cortex.o(.text.HAL_NVIC_DisableIRQ), (24 bytes).
    Removing stm32f1xx_hal_cortex.o(.ARM.exidx.text.HAL_NVIC_DisableIRQ), (8 bytes).
    Removing stm32f1xx_hal_cortex.o(.text.HAL_NVIC_SystemReset), (4 bytes).
    Removing stm32f1xx_hal_cortex.o(.ARM.exidx.text.HAL_NVIC_SystemReset), (8 bytes).
    Removing stm32f1xx_hal_cortex.o(.text.NVIC_SystemReset), (36 bytes).
    Removing stm32f1xx_hal_cortex.o(.ARM.exidx.text.NVIC_SystemReset), (8 bytes).
    Removing stm32f1xx_hal_cortex.o(.text.HAL_NVIC_GetPriorityGrouping), (16 bytes).
    Removing stm32f1xx_hal_cortex.o(.ARM.exidx.text.HAL_NVIC_GetPriorityGrouping), (8 bytes).
    Removing stm32f1xx_hal_cortex.o(.text.HAL_NVIC_GetPriority), (92 bytes).
    Removing stm32f1xx_hal_cortex.o(.ARM.exidx.text.HAL_NVIC_GetPriority), (8 bytes).
    Removing stm32f1xx_hal_cortex.o(.text.HAL_NVIC_SetPendingIRQ), (24 bytes).
    Removing stm32f1xx_hal_cortex.o(.ARM.exidx.text.HAL_NVIC_SetPendingIRQ), (8 bytes).
    Removing stm32f1xx_hal_cortex.o(.text.HAL_NVIC_GetPendingIRQ), (32 bytes).
    Removing stm32f1xx_hal_cortex.o(.ARM.exidx.text.HAL_NVIC_GetPendingIRQ), (8 bytes).
    Removing stm32f1xx_hal_cortex.o(.text.HAL_NVIC_ClearPendingIRQ), (24 bytes).
    Removing stm32f1xx_hal_cortex.o(.ARM.exidx.text.HAL_NVIC_ClearPendingIRQ), (8 bytes).
    Removing stm32f1xx_hal_cortex.o(.text.HAL_NVIC_GetActive), (32 bytes).
    Removing stm32f1xx_hal_cortex.o(.ARM.exidx.text.HAL_NVIC_GetActive), (8 bytes).
    Removing stm32f1xx_hal_cortex.o(.text.HAL_SYSTICK_IRQHandler), (4 bytes).
    Removing stm32f1xx_hal_cortex.o(.ARM.exidx.text.HAL_SYSTICK_IRQHandler), (8 bytes).
    Removing stm32f1xx_hal_cortex.o(.text.HAL_SYSTICK_Callback), (2 bytes).
    Removing stm32f1xx_hal_cortex.o(.ARM.exidx.text.HAL_SYSTICK_Callback), (8 bytes).
    Removing stm32f1xx_hal_pwr.o(.text), (0 bytes).
    Removing stm32f1xx_hal_pwr.o(.text.HAL_PWR_DeInit), (24 bytes).
    Removing stm32f1xx_hal_pwr.o(.ARM.exidx.text.HAL_PWR_DeInit), (8 bytes).
    Removing stm32f1xx_hal_pwr.o(.text.HAL_PWR_EnableBkUpAccess), (12 bytes).
    Removing stm32f1xx_hal_pwr.o(.ARM.exidx.text.HAL_PWR_EnableBkUpAccess), (8 bytes).
    Removing stm32f1xx_hal_pwr.o(.text.HAL_PWR_DisableBkUpAccess), (12 bytes).
    Removing stm32f1xx_hal_pwr.o(.ARM.exidx.text.HAL_PWR_DisableBkUpAccess), (8 bytes).
    Removing stm32f1xx_hal_pwr.o(.text.HAL_PWR_ConfigPVD), (120 bytes).
    Removing stm32f1xx_hal_pwr.o(.ARM.exidx.text.HAL_PWR_ConfigPVD), (8 bytes).
    Removing stm32f1xx_hal_pwr.o(.text.HAL_PWR_EnablePVD), (12 bytes).
    Removing stm32f1xx_hal_pwr.o(.ARM.exidx.text.HAL_PWR_EnablePVD), (8 bytes).
    Removing stm32f1xx_hal_pwr.o(.text.HAL_PWR_DisablePVD), (12 bytes).
    Removing stm32f1xx_hal_pwr.o(.ARM.exidx.text.HAL_PWR_DisablePVD), (8 bytes).
    Removing stm32f1xx_hal_pwr.o(.text.HAL_PWR_EnableWakeUpPin), (24 bytes).
    Removing stm32f1xx_hal_pwr.o(.ARM.exidx.text.HAL_PWR_EnableWakeUpPin), (8 bytes).
    Removing stm32f1xx_hal_pwr.o(.text.HAL_PWR_DisableWakeUpPin), (24 bytes).
    Removing stm32f1xx_hal_pwr.o(.ARM.exidx.text.HAL_PWR_DisableWakeUpPin), (8 bytes).
    Removing stm32f1xx_hal_pwr.o(.text.HAL_PWR_EnterSLEEPMode), (28 bytes).
    Removing stm32f1xx_hal_pwr.o(.ARM.exidx.text.HAL_PWR_EnterSLEEPMode), (8 bytes).
    Removing stm32f1xx_hal_pwr.o(.text.HAL_PWR_EnterSTOPMode), (72 bytes).
    Removing stm32f1xx_hal_pwr.o(.ARM.exidx.text.HAL_PWR_EnterSTOPMode), (8 bytes).
    Removing stm32f1xx_hal_pwr.o(.text.PWR_OverloadWfe), (6 bytes).
    Removing stm32f1xx_hal_pwr.o(.ARM.exidx.text.PWR_OverloadWfe), (8 bytes).
    Removing stm32f1xx_hal_pwr.o(.text.HAL_PWR_EnterSTANDBYMode), (32 bytes).
    Removing stm32f1xx_hal_pwr.o(.ARM.exidx.text.HAL_PWR_EnterSTANDBYMode), (8 bytes).
    Removing stm32f1xx_hal_pwr.o(.text.HAL_PWR_EnableSleepOnExit), (16 bytes).
    Removing stm32f1xx_hal_pwr.o(.ARM.exidx.text.HAL_PWR_EnableSleepOnExit), (8 bytes).
    Removing stm32f1xx_hal_pwr.o(.text.HAL_PWR_DisableSleepOnExit), (16 bytes).
    Removing stm32f1xx_hal_pwr.o(.ARM.exidx.text.HAL_PWR_DisableSleepOnExit), (8 bytes).
    Removing stm32f1xx_hal_pwr.o(.text.HAL_PWR_EnableSEVOnPend), (16 bytes).
    Removing stm32f1xx_hal_pwr.o(.ARM.exidx.text.HAL_PWR_EnableSEVOnPend), (8 bytes).
    Removing stm32f1xx_hal_pwr.o(.text.HAL_PWR_DisableSEVOnPend), (16 bytes).
    Removing stm32f1xx_hal_pwr.o(.ARM.exidx.text.HAL_PWR_DisableSEVOnPend), (8 bytes).
    Removing stm32f1xx_hal_pwr.o(.text.HAL_PWR_PVD_IRQHandler), (32 bytes).
    Removing stm32f1xx_hal_pwr.o(.ARM.exidx.text.HAL_PWR_PVD_IRQHandler), (8 bytes).
    Removing stm32f1xx_hal_pwr.o(.text.HAL_PWR_PVDCallback), (2 bytes).
    Removing stm32f1xx_hal_pwr.o(.ARM.exidx.text.HAL_PWR_PVDCallback), (8 bytes).
    Removing stm32f1xx_hal_flash.o(.text), (0 bytes).
    Removing stm32f1xx_hal_flash.o(.text.HAL_FLASH_Program), (176 bytes).
    Removing stm32f1xx_hal_flash.o(.ARM.exidx.text.HAL_FLASH_Program), (8 bytes).
    Removing stm32f1xx_hal_flash.o(.text.FLASH_WaitForLastOperation), (100 bytes).
    Removing stm32f1xx_hal_flash.o(.ARM.exidx.text.FLASH_WaitForLastOperation), (8 bytes).
    Removing stm32f1xx_hal_flash.o(.text.HAL_FLASH_Program_IT), (104 bytes).
    Removing stm32f1xx_hal_flash.o(.ARM.exidx.text.HAL_FLASH_Program_IT), (8 bytes).
    Removing stm32f1xx_hal_flash.o(.text.HAL_FLASH_IRQHandler), (300 bytes).
    Removing stm32f1xx_hal_flash.o(.ARM.exidx.text.HAL_FLASH_IRQHandler), (8 bytes).
    Removing stm32f1xx_hal_flash.o(.text.FLASH_SetErrorCode), (88 bytes).
    Removing stm32f1xx_hal_flash.o(.ARM.exidx.text.FLASH_SetErrorCode), (8 bytes).
    Removing stm32f1xx_hal_flash.o(.text.HAL_FLASH_OperationErrorCallback), (2 bytes).
    Removing stm32f1xx_hal_flash.o(.ARM.exidx.text.HAL_FLASH_OperationErrorCallback), (8 bytes).
    Removing stm32f1xx_hal_flash.o(.text.HAL_FLASH_EndOfOperationCallback), (2 bytes).
    Removing stm32f1xx_hal_flash.o(.ARM.exidx.text.HAL_FLASH_EndOfOperationCallback), (8 bytes).
    Removing stm32f1xx_hal_flash.o(.text.HAL_FLASH_Unlock), (44 bytes).
    Removing stm32f1xx_hal_flash.o(.ARM.exidx.text.HAL_FLASH_Unlock), (8 bytes).
    Removing stm32f1xx_hal_flash.o(.text.HAL_FLASH_Lock), (20 bytes).
    Removing stm32f1xx_hal_flash.o(.ARM.exidx.text.HAL_FLASH_Lock), (8 bytes).
    Removing stm32f1xx_hal_flash.o(.text.HAL_FLASH_OB_Unlock), (40 bytes).
    Removing stm32f1xx_hal_flash.o(.ARM.exidx.text.HAL_FLASH_OB_Unlock), (8 bytes).
    Removing stm32f1xx_hal_flash.o(.text.HAL_FLASH_OB_Lock), (20 bytes).
    Removing stm32f1xx_hal_flash.o(.ARM.exidx.text.HAL_FLASH_OB_Lock), (8 bytes).
    Removing stm32f1xx_hal_flash.o(.text.HAL_FLASH_OB_Launch), (4 bytes).
    Removing stm32f1xx_hal_flash.o(.ARM.exidx.text.HAL_FLASH_OB_Launch), (8 bytes).
    Removing stm32f1xx_hal_flash.o(.text.HAL_FLASH_GetError), (12 bytes).
    Removing stm32f1xx_hal_flash.o(.ARM.exidx.text.HAL_FLASH_GetError), (8 bytes).
    Removing stm32f1xx_hal_flash.o(.bss.pFlash), (32 bytes).
    Removing stm32f1xx_hal_flash_ex.o(.text), (0 bytes).
    Removing stm32f1xx_hal_flash_ex.o(.text.HAL_FLASHEx_Erase), (160 bytes).
    Removing stm32f1xx_hal_flash_ex.o(.ARM.exidx.text.HAL_FLASHEx_Erase), (8 bytes).
    Removing stm32f1xx_hal_flash_ex.o(.text.FLASH_MassErase), (36 bytes).
    Removing stm32f1xx_hal_flash_ex.o(.ARM.exidx.text.FLASH_MassErase), (8 bytes).
    Removing stm32f1xx_hal_flash_ex.o(.text.FLASH_PageErase), (36 bytes).
    Removing stm32f1xx_hal_flash_ex.o(.ARM.exidx.text.FLASH_PageErase), (8 bytes).
    Removing stm32f1xx_hal_flash_ex.o(.text.HAL_FLASHEx_Erase_IT), (80 bytes).
    Removing stm32f1xx_hal_flash_ex.o(.ARM.exidx.text.HAL_FLASHEx_Erase_IT), (8 bytes).
    Removing stm32f1xx_hal_flash_ex.o(.text.HAL_FLASHEx_OBErase), (92 bytes).
    Removing stm32f1xx_hal_flash_ex.o(.ARM.exidx.text.HAL_FLASHEx_OBErase), (8 bytes).
    Removing stm32f1xx_hal_flash_ex.o(.text.FLASH_OB_RDP_LevelConfig), (104 bytes).
    Removing stm32f1xx_hal_flash_ex.o(.ARM.exidx.text.FLASH_OB_RDP_LevelConfig), (8 bytes).
    Removing stm32f1xx_hal_flash_ex.o(.text.HAL_FLASHEx_OBProgram), (560 bytes).
    Removing stm32f1xx_hal_flash_ex.o(.ARM.exidx.text.HAL_FLASHEx_OBProgram), (8 bytes).
    Removing stm32f1xx_hal_flash_ex.o(.text.HAL_FLASHEx_OBGetConfig), (40 bytes).
    Removing stm32f1xx_hal_flash_ex.o(.ARM.exidx.text.HAL_FLASHEx_OBGetConfig), (8 bytes).
    Removing stm32f1xx_hal_flash_ex.o(.text.HAL_FLASHEx_OBGetUserData), (28 bytes).
    Removing stm32f1xx_hal_flash_ex.o(.ARM.exidx.text.HAL_FLASHEx_OBGetUserData), (8 bytes).
    Removing system_stm32f1xx.o(.text), (0 bytes).
    Removing system_stm32f1xx.o(.rodata.APBPrescTable), (8 bytes).
    Removing tmc5072.o(.text), (0 bytes).
    Removing tmc5072.o(.text.tmc5072_initConfig), (68 bytes).
    Removing tmc5072.o(.ARM.exidx.text.tmc5072_initConfig), (8 bytes).
    Removing tmc5072.o(.text.tmc5072_writeConfiguration), (74 bytes).
    Removing tmc5072.o(.ARM.exidx.text.tmc5072_writeConfiguration), (8 bytes).
    Removing tmc5072.o(.text.tmc5072_periodicJob), (136 bytes).
    Removing tmc5072.o(.ARM.exidx.text.tmc5072_periodicJob), (8 bytes).
    Removing tmc5072.o(.text.tmc5072_reset), (16 bytes).
    Removing tmc5072.o(.ARM.exidx.text.tmc5072_reset), (8 bytes).
    Removing tmc5072.o(.text.tmc5072_restore), (16 bytes).
    Removing tmc5072.o(.ARM.exidx.text.tmc5072_restore), (8 bytes).
    Removing tmc5072.o(.rodata.tmc5072_defaultRegisterAccess), (128 bytes).
    Removing tmc5072.o(.rodata.tmc5072_defaultRegisterResetState), (512 bytes).
    Removing _spi.o(.text), (0 bytes).
    Removing _spi.o(.text.SPIWrapper), (216 bytes).
    Removing _spi.o(.ARM.exidx.text.SPIWrapper), (8 bytes).
    Removing _spi.o(.text.SPIWriteBytes), (64 bytes).
    Removing _spi.o(.ARM.exidx.text.SPIWriteBytes), (8 bytes).
    Removing _spi.o(.text.SPIWriteInt), (28 bytes).
    Removing _spi.o(.ARM.exidx.text.SPIWriteInt), (8 bytes).
    Removing _spi.o(.text.SPIReadInt), (96 bytes).
    Removing _spi.o(.ARM.exidx.text.SPIReadInt), (8 bytes).
    Removing _spi.o(.text.SPIWriteDatagram), (28 bytes).
    Removing _spi.o(.ARM.exidx.text.SPIWriteDatagram), (8 bytes).
    Removing _spi.o(.text.SPIReadDatagram), (16 bytes).
    Removing _spi.o(.ARM.exidx.text.SPIReadDatagram), (8 bytes).
    Removing _spi.o(.text.waitMs), (2 bytes).
    Removing _spi.o(.ARM.exidx.text.waitMs), (8 bytes).
    Removing _spi.o(.bss..L_MergedGlobals), (24 bytes).
    Removing states.o(.text), (0 bytes).
    Removing states.o(.data.DRIVER_STATE), (3 bytes).
    Removing spihandler_1.o(.text), (0 bytes).
    Removing spihandler_1.o(.text._ZN10SPIHandlerD2Ev), (2 bytes).
    Removing spihandler_1.o(.ARM.exidx.text._ZN10SPIHandlerD2Ev), (8 bytes).
    Removing spihandler_1.o(.text._ZN10SPIHandler7enqueueEhjj), (72 bytes).
    Removing spihandler_1.o(.ARM.exidx.text._ZN10SPIHandler7enqueueEhjj), (8 bytes).
    Removing spihandler_1.o(.text._ZN10SPIHandler6txNextEv), (2 bytes).
    Removing spihandler_1.o(.ARM.exidx.text._ZN10SPIHandler6txNextEv), (8 bytes).
    Removing spiqueue.o(.text), (0 bytes).
    Removing spiqueue.o(.text._ZN8SPIQueueC2Ev), (48 bytes).
    Removing spiqueue.o(.ARM.exidx.text._ZN8SPIQueueC2Ev), (8 bytes).
    Removing spiqueue.o(.text._ZN8SPIQueue4pushEP18__spiTransaction_s), (12 bytes).
    Removing spiqueue.o(.ARM.exidx.text._ZN8SPIQueue4pushEP18__spiTransaction_s), (8 bytes).
    Removing spiqueue_1.o(.text), (0 bytes).
    Removing spiisr.o(.text), (0 bytes).
    Removing rtx_lib.o(.text), (0 bytes).
    Removing rtx_lib.o(.text.__user_perthread_libspace), (76 bytes).
    Removing rtx_lib.o(.ARM.exidx.text.__user_perthread_libspace), (8 bytes).
    Removing rtx_lib.o(.text.os_kernel_is_active), (32 bytes).
    Removing rtx_lib.o(.ARM.exidx.text.os_kernel_is_active), (8 bytes).
    Removing rtx_lib.o(.text._mutex_acquire), (26 bytes).
    Removing rtx_lib.o(.ARM.exidx.text._mutex_acquire), (8 bytes).
    Removing rtx_lib.o(.text._mutex_release), (22 bytes).
    Removing rtx_lib.o(.ARM.exidx.text._mutex_release), (8 bytes).
    Removing rtx_lib.o(.text._mutex_free), (6 bytes).
    Removing rtx_lib.o(.ARM.exidx.text._mutex_free), (8 bytes).
    Removing rtx_lib.o(.data.irqRtxLibRef), (4 bytes).
    Removing rtx_lib.o(.bss.os.libspace), (496 bytes).
    Removing rtx_lib.o(.bss.os_kernel_is_active.os_kernel_active), (1 bytes).
    Removing rtx_config.o(.text), (0 bytes).
    Removing rtx_kernel.o(.text), (0 bytes).
    Removing rtx_kernel.o(.text.osKernelGetTickFreq), (40 bytes).
    Removing rtx_kernel.o(.ARM.exidx.text.osKernelGetTickFreq), (8 bytes).
    Removing rtx_kernel.o(.text.svcRtxKernelGetTickFreq), (12 bytes).
    Removing rtx_kernel.o(.ARM.exidx.text.svcRtxKernelGetTickFreq), (8 bytes).
    Removing rtx_kernel.o(.text.osKernelGetSysTimerFreq), (36 bytes).
    Removing rtx_kernel.o(.ARM.exidx.text.osKernelGetSysTimerFreq), (8 bytes).
    Removing rtx_kernel.o(.text.svcRtxKernelGetSysTimerFreq), (4 bytes).
    Removing rtx_kernel.o(.ARM.exidx.text.svcRtxKernelGetSysTimerFreq), (8 bytes).
    Removing rtx_thread.o(.text), (0 bytes).
    Removing rtx_thread.o(.text.osThreadGetName), (36 bytes).
    Removing rtx_thread.o(.ARM.exidx.text.osThreadGetName), (8 bytes).
    Removing rtx_thread.o(.text.osThreadGetId), (36 bytes).
    Removing rtx_thread.o(.ARM.exidx.text.osThreadGetId), (8 bytes).
    Removing rtx_thread.o(.text.osThreadGetStackSize), (36 bytes).
    Removing rtx_thread.o(.ARM.exidx.text.osThreadGetStackSize), (8 bytes).
    Removing rtx_thread.o(.text.osThreadGetStackSpace), (36 bytes).
    Removing rtx_thread.o(.ARM.exidx.text.osThreadGetStackSpace), (8 bytes).
    Removing rtx_thread.o(.text.osThreadGetPriority), (36 bytes).
    Removing rtx_thread.o(.ARM.exidx.text.osThreadGetPriority), (8 bytes).
    Removing rtx_thread.o(.text.osThreadGetCount), (36 bytes).
    Removing rtx_thread.o(.ARM.exidx.text.osThreadGetCount), (8 bytes).
    Removing rtx_thread.o(.text.osThreadEnumerate), (36 bytes).
    Removing rtx_thread.o(.ARM.exidx.text.osThreadEnumerate), (8 bytes).
    Removing rtx_thread.o(.text.osThreadFlagsClear), (36 bytes).
    Removing rtx_thread.o(.ARM.exidx.text.osThreadFlagsClear), (8 bytes).
    Removing rtx_thread.o(.text.osThreadFlagsGet), (36 bytes).
    Removing rtx_thread.o(.ARM.exidx.text.osThreadFlagsGet), (8 bytes).
    Removing rtx_thread.o(.text.svcRtxThreadGetName), (20 bytes).
    Removing rtx_thread.o(.ARM.exidx.text.svcRtxThreadGetName), (8 bytes).
    Removing rtx_thread.o(.text.svcRtxThreadGetId), (12 bytes).
    Removing rtx_thread.o(.ARM.exidx.text.svcRtxThreadGetId), (8 bytes).
    Removing rtx_thread.o(.text.svcRtxThreadGetStackSize), (20 bytes).
    Removing rtx_thread.o(.ARM.exidx.text.svcRtxThreadGetStackSize), (8 bytes).
    Removing rtx_thread.o(.text.svcRtxThreadGetStackSpace), (68 bytes).
    Removing rtx_thread.o(.ARM.exidx.text.svcRtxThreadGetStackSpace), (8 bytes).
    Removing rtx_thread.o(.text.svcRtxThreadGetPriority), (30 bytes).
    Removing rtx_thread.o(.ARM.exidx.text.svcRtxThreadGetPriority), (8 bytes).
    Removing rtx_thread.o(.text.svcRtxThreadGetCount), (56 bytes).
    Removing rtx_thread.o(.ARM.exidx.text.svcRtxThreadGetCount), (8 bytes).
    Removing rtx_thread.o(.text.svcRtxThreadEnumerate), (104 bytes).
    Removing rtx_thread.o(.ARM.exidx.text.svcRtxThreadEnumerate), (8 bytes).
    Removing rtx_thread.o(.text.svcRtxThreadFlagsClear), (72 bytes).
    Removing rtx_thread.o(.ARM.exidx.text.svcRtxThreadFlagsClear), (8 bytes).
    Removing rtx_thread.o(.text.svcRtxThreadFlagsGet), (28 bytes).
    Removing rtx_thread.o(.ARM.exidx.text.svcRtxThreadFlagsGet), (8 bytes).
    Removing rtx_mutex.o(.text), (0 bytes).
    Removing rtx_mutex.o(.text.osMutexGetName), (36 bytes).
    Removing rtx_mutex.o(.ARM.exidx.text.osMutexGetName), (8 bytes).
    Removing rtx_mutex.o(.text.osMutexAcquire), (36 bytes).
    Removing rtx_mutex.o(.ARM.exidx.text.osMutexAcquire), (8 bytes).
    Removing rtx_mutex.o(.text.osMutexRelease), (36 bytes).
    Removing rtx_mutex.o(.ARM.exidx.text.osMutexRelease), (8 bytes).
    Removing rtx_mutex.o(.text.osMutexGetOwner), (36 bytes).
    Removing rtx_mutex.o(.ARM.exidx.text.osMutexGetOwner), (8 bytes).
    Removing rtx_mutex.o(.text.osMutexDelete), (36 bytes).
    Removing rtx_mutex.o(.ARM.exidx.text.osMutexDelete), (8 bytes).
    Removing rtx_mutex.o(.text.svcRtxMutexGetName), (20 bytes).
    Removing rtx_mutex.o(.ARM.exidx.text.svcRtxMutexGetName), (8 bytes).
    Removing rtx_mutex.o(.text.svcRtxMutexAcquire), (152 bytes).
    Removing rtx_mutex.o(.ARM.exidx.text.svcRtxMutexAcquire), (8 bytes).
    Removing rtx_mutex.o(.text.svcRtxMutexRelease), (188 bytes).
    Removing rtx_mutex.o(.ARM.exidx.text.svcRtxMutexRelease), (8 bytes).
    Removing rtx_mutex.o(.text.svcRtxMutexGetOwner), (24 bytes).
    Removing rtx_mutex.o(.ARM.exidx.text.svcRtxMutexGetOwner), (8 bytes).
    Removing rtx_mutex.o(.text.svcRtxMutexDelete), (212 bytes).
    Removing rtx_mutex.o(.ARM.exidx.text.svcRtxMutexDelete), (8 bytes).
    Removing rtx_mempool.o(.text), (0 bytes).
    Removing rtx_mempool.o(.text.osMemoryPoolGetName), (36 bytes).
    Removing rtx_mempool.o(.ARM.exidx.text.osMemoryPoolGetName), (8 bytes).
    Removing rtx_mempool.o(.text.osMemoryPoolGetCapacity), (36 bytes).
    Removing rtx_mempool.o(.ARM.exidx.text.osMemoryPoolGetCapacity), (8 bytes).
    Removing rtx_mempool.o(.text.svcRtxMemoryPoolGetCapacity), (20 bytes).
    Removing rtx_mempool.o(.ARM.exidx.text.svcRtxMemoryPoolGetCapacity), (8 bytes).
    Removing rtx_mempool.o(.text.osMemoryPoolGetBlockSize), (36 bytes).
    Removing rtx_mempool.o(.ARM.exidx.text.osMemoryPoolGetBlockSize), (8 bytes).
    Removing rtx_mempool.o(.text.svcRtxMemoryPoolGetBlockSize), (20 bytes).
    Removing rtx_mempool.o(.ARM.exidx.text.svcRtxMemoryPoolGetBlockSize), (8 bytes).
    Removing rtx_mempool.o(.text.osMemoryPoolGetCount), (36 bytes).
    Removing rtx_mempool.o(.ARM.exidx.text.osMemoryPoolGetCount), (8 bytes).
    Removing rtx_mempool.o(.text.svcRtxMemoryPoolGetCount), (20 bytes).
    Removing rtx_mempool.o(.ARM.exidx.text.svcRtxMemoryPoolGetCount), (8 bytes).
    Removing rtx_mempool.o(.text.osMemoryPoolGetSpace), (36 bytes).
    Removing rtx_mempool.o(.ARM.exidx.text.osMemoryPoolGetSpace), (8 bytes).
    Removing rtx_mempool.o(.text.svcRtxMemoryPoolGetSpace), (24 bytes).
    Removing rtx_mempool.o(.ARM.exidx.text.svcRtxMemoryPoolGetSpace), (8 bytes).
    Removing rtx_mempool.o(.text.svcRtxMemoryPoolGetName), (20 bytes).
    Removing rtx_mempool.o(.ARM.exidx.text.svcRtxMemoryPoolGetName), (8 bytes).
    Removing rtx_msgqueue.o(.text), (0 bytes).
    Removing rtx_msgqueue.o(.text.osMessageQueueGetName), (36 bytes).
    Removing rtx_msgqueue.o(.ARM.exidx.text.osMessageQueueGetName), (8 bytes).
    Removing rtx_msgqueue.o(.text.osMessageQueueGetCapacity), (36 bytes).
    Removing rtx_msgqueue.o(.ARM.exidx.text.osMessageQueueGetCapacity), (8 bytes).
    Removing rtx_msgqueue.o(.text.svcRtxMessageQueueGetCapacity), (20 bytes).
    Removing rtx_msgqueue.o(.ARM.exidx.text.svcRtxMessageQueueGetCapacity), (8 bytes).
    Removing rtx_msgqueue.o(.text.osMessageQueueGetMsgSize), (36 bytes).
    Removing rtx_msgqueue.o(.ARM.exidx.text.osMessageQueueGetMsgSize), (8 bytes).
    Removing rtx_msgqueue.o(.text.svcRtxMessageQueueGetMsgSize), (20 bytes).
    Removing rtx_msgqueue.o(.ARM.exidx.text.svcRtxMessageQueueGetMsgSize), (8 bytes).
    Removing rtx_msgqueue.o(.text.osMessageQueueGetCount), (36 bytes).
    Removing rtx_msgqueue.o(.ARM.exidx.text.osMessageQueueGetCount), (8 bytes).
    Removing rtx_msgqueue.o(.text.svcRtxMessageQueueGetCount), (20 bytes).
    Removing rtx_msgqueue.o(.ARM.exidx.text.svcRtxMessageQueueGetCount), (8 bytes).
    Removing rtx_msgqueue.o(.text.osMessageQueueGetSpace), (36 bytes).
    Removing rtx_msgqueue.o(.ARM.exidx.text.osMessageQueueGetSpace), (8 bytes).
    Removing rtx_msgqueue.o(.text.svcRtxMessageQueueGetSpace), (24 bytes).
    Removing rtx_msgqueue.o(.ARM.exidx.text.svcRtxMessageQueueGetSpace), (8 bytes).
    Removing rtx_msgqueue.o(.text.osMessageQueueDelete), (36 bytes).
    Removing rtx_msgqueue.o(.ARM.exidx.text.osMessageQueueDelete), (8 bytes).
    Removing rtx_msgqueue.o(.text.svcRtxMessageQueueGetName), (20 bytes).
    Removing rtx_msgqueue.o(.ARM.exidx.text.svcRtxMessageQueueGetName), (8 bytes).
    Removing rtx_msgqueue.o(.text.svcRtxMessageQueueDelete), (124 bytes).
    Removing rtx_msgqueue.o(.ARM.exidx.text.svcRtxMessageQueueDelete), (8 bytes).
    Removing irq_cm3.o(.constdata), (1 bytes).
    Removing rtx_timer.o(.text), (0 bytes).
    Removing rtx_timer.o(.text.osTimerNew), (48 bytes).
    Removing rtx_timer.o(.ARM.exidx.text.osTimerNew), (8 bytes).
    Removing rtx_timer.o(.text.osTimerGetName), (36 bytes).
    Removing rtx_timer.o(.ARM.exidx.text.osTimerGetName), (8 bytes).
    Removing rtx_timer.o(.text.osTimerIsRunning), (36 bytes).
    Removing rtx_timer.o(.ARM.exidx.text.osTimerIsRunning), (8 bytes).
    Removing rtx_timer.o(.text.svcRtxTimerNew), (124 bytes).
    Removing rtx_timer.o(.ARM.exidx.text.svcRtxTimerNew), (8 bytes).
    Removing rtx_timer.o(.text.svcRtxTimerGetName), (20 bytes).
    Removing rtx_timer.o(.ARM.exidx.text.svcRtxTimerGetName), (8 bytes).
    Removing rtx_timer.o(.text.svcRtxTimerIsRunning), (24 bytes).
    Removing rtx_timer.o(.ARM.exidx.text.svcRtxTimerIsRunning), (8 bytes).
    Removing rtx_memory.o(.text), (0 bytes).
    Removing rtx_system.o(.text), (0 bytes).
    Removing os_systick.o(.text), (0 bytes).
    Removing os_systick.o(.text.OS_Tick_GetClock), (12 bytes).
    Removing os_systick.o(.ARM.exidx.text.OS_Tick_GetClock), (8 bytes).
    Removing cxa_handlers.cpp.o(.text), (0 bytes).
    Removing cxa_handlers.cpp.o(.text._ZSt15set_new_handlerPFvvE), (32 bytes).
    Removing cxa_handlers.cpp.o(.ARM.exidx.text._ZSt15set_new_handlerPFvvE), (8 bytes).
    Removing cxa_handlers.cpp.o(.text._ZSt15get_new_handlerv), (30 bytes).
    Removing cxa_handlers.cpp.o(.ARM.exidx.text._ZSt15get_new_handlerv), (8 bytes).
    Removing cxa_handlers.cpp.o(.bss.__cxa_new_handler), (4 bytes).
    Removing cxa_exception.cpp.o(.text), (0 bytes).
    Removing cxa_exception.cpp.o(.text.__cxa_end_cleanup), (16 bytes).
    Removing cxa_exception.cpp.o(.text.__cxa_free_exception), (14 bytes).
    Removing cxa_exception.cpp.o(.ARM.extab.text.__cxa_free_exception), (48 bytes).
    Removing cxa_exception.cpp.o(.ARM.exidx.text.__cxa_free_exception), (8 bytes).
    Removing cxa_exception.cpp.o(.text.__cxa_free_dependent_exception), (4 bytes).
    Removing cxa_exception.cpp.o(.ARM.exidx.text.__cxa_free_dependent_exception), (8 bytes).
    Removing cxa_exception.cpp.o(.text.__cxa_get_exception_ptr), (4 bytes).
    Removing cxa_exception.cpp.o(.ARM.exidx.text.__cxa_get_exception_ptr), (8 bytes).
    Removing cxa_exception.cpp.o(.text.__cxa_end_cleanup_impl), (88 bytes).
    Removing cxa_exception.cpp.o(.ARM.exidx.text.__cxa_end_cleanup_impl), (8 bytes).
    Removing cxa_exception.cpp.o(.text.__cxa_current_exception_type), (56 bytes).
    Removing cxa_exception.cpp.o(.ARM.exidx.text.__cxa_current_exception_type), (8 bytes).
    Removing cxa_exception.cpp.o(.text.__cxa_increment_exception_refcount), (28 bytes).
    Removing cxa_exception.cpp.o(.ARM.exidx.text.__cxa_increment_exception_refcount), (8 bytes).
    Removing cxa_exception.cpp.o(.text.__cxa_current_primary_exception), (100 bytes).
    Removing cxa_exception.cpp.o(.ARM.extab.text.__cxa_current_primary_exception), (48 bytes).
    Removing cxa_exception.cpp.o(.ARM.exidx.text.__cxa_current_primary_exception), (8 bytes).
    Removing cxa_exception.cpp.o(.text.__cxa_uncaught_exception), (14 bytes).
    Removing cxa_exception.cpp.o(.ARM.exidx.text.__cxa_uncaught_exception), (8 bytes).
    Removing cxa_exception.cpp.o(.text.__cxa_uncaught_exceptions), (20 bytes).
    Removing cxa_exception.cpp.o(.ARM.extab.text.__cxa_uncaught_exceptions), (48 bytes).
    Removing cxa_exception.cpp.o(.ARM.exidx.text.__cxa_uncaught_exceptions), (8 bytes).
    Removing cxa_personality.cpp.o(.text), (0 bytes).
    Removing Unwind-EHABI.cpp.o(.text), (0 bytes).
    Removing cxa_default_handlers.cpp.o(.text), (0 bytes).
    Removing cxa_exception_storage.cpp.o(.text), (0 bytes).
    Removing stdlib_exception.cpp.o(.text), (0 bytes).
    Removing stdlib_exception.cpp.o(.text._ZNSt9exceptionD0Ev), (4 bytes).
    Removing stdlib_exception.cpp.o(.ARM.exidx.text._ZNSt9exceptionD0Ev), (8 bytes).
    Removing stdlib_exception.cpp.o(.text._ZNKSt9exception4whatEv), (20 bytes).
    Removing stdlib_exception.cpp.o(.ARM.exidx.text._ZNKSt9exception4whatEv), (8 bytes).
    Removing stdlib_exception.cpp.o(.rodata._ZTVSt9exception), (20 bytes).
    Removing abort_message.cpp.o(.text), (0 bytes).
    Removing fallback_malloc.cpp.o(.text), (0 bytes).
    Removing libunwind.cpp.o(.text), (0 bytes).
    Removing libunwind.cpp.o(.text.unw_get_proc_name), (30 bytes).
    Removing libunwind.cpp.o(.ARM.exidx.text.unw_get_proc_name), (8 bytes).
    Removing libunwind.cpp.o(.text.unw_is_fpreg), (10 bytes).
    Removing libunwind.cpp.o(.ARM.exidx.text.unw_is_fpreg), (8 bytes).
    Removing libunwind.cpp.o(.text.unw_regname), (6 bytes).
    Removing libunwind.cpp.o(.ARM.exidx.text.unw_regname), (8 bytes).
    Removing libunwind.cpp.o(.text.unw_is_signal_frame), (10 bytes).
    Removing libunwind.cpp.o(.ARM.exidx.text.unw_is_signal_frame), (8 bytes).
    Removing libunwind.cpp.o(.data.unw_local_addr_space), (4 bytes).
    Removing new.cpp.o(.text), (0 bytes).
    Removing new.cpp.o(.text._ZSt17__throw_bad_allocv), (32 bytes).
    Removing new.cpp.o(.ARM.exidx.text._ZSt17__throw_bad_allocv), (8 bytes).
    Removing new.cpp.o(.text._Znwj), (62 bytes).
    Removing new.cpp.o(.ARM.exidx.text._Znwj), (8 bytes).
    Removing new.cpp.o(.text._ZnwjRKSt9nothrow_t), (24 bytes).
    Removing new.cpp.o(.ARM.extab.text._ZnwjRKSt9nothrow_t), (60 bytes).
    Removing new.cpp.o(.ARM.exidx.text._ZnwjRKSt9nothrow_t), (8 bytes).
    Removing new.cpp.o(.text._Znaj), (4 bytes).
    Removing new.cpp.o(.ARM.exidx.text._Znaj), (8 bytes).
    Removing new.cpp.o(.text._ZnajRKSt9nothrow_t), (24 bytes).
    Removing new.cpp.o(.ARM.extab.text._ZnajRKSt9nothrow_t), (60 bytes).
    Removing new.cpp.o(.ARM.exidx.text._ZnajRKSt9nothrow_t), (8 bytes).
    Removing new.cpp.o(.text._ZnwjSt11align_val_t), (92 bytes).
    Removing new.cpp.o(.ARM.exidx.text._ZnwjSt11align_val_t), (8 bytes).
    Removing new.cpp.o(.text._ZnwjSt11align_val_tRKSt9nothrow_t), (24 bytes).
    Removing new.cpp.o(.ARM.extab.text._ZnwjSt11align_val_tRKSt9nothrow_t), (60 bytes).
    Removing new.cpp.o(.ARM.exidx.text._ZnwjSt11align_val_tRKSt9nothrow_t), (8 bytes).
    Removing new.cpp.o(.text._ZnajSt11align_val_t), (4 bytes).
    Removing new.cpp.o(.ARM.exidx.text._ZnajSt11align_val_t), (8 bytes).
    Removing new.cpp.o(.text._ZnajSt11align_val_tRKSt9nothrow_t), (24 bytes).
    Removing new.cpp.o(.ARM.extab.text._ZnajSt11align_val_tRKSt9nothrow_t), (60 bytes).
    Removing new.cpp.o(.ARM.exidx.text._ZnajSt11align_val_tRKSt9nothrow_t), (8 bytes).
    Removing new.cpp.o(.text._ZdlPvSt11align_val_t), (10 bytes).
    Removing new.cpp.o(.ARM.exidx.text._ZdlPvSt11align_val_t), (8 bytes).
    Removing new.cpp.o(.text._ZdlPvSt11align_val_tRKSt9nothrow_t), (4 bytes).
    Removing new.cpp.o(.ARM.exidx.text._ZdlPvSt11align_val_tRKSt9nothrow_t), (8 bytes).
    Removing new.cpp.o(.text._ZdlPvjSt11align_val_t), (6 bytes).
    Removing new.cpp.o(.ARM.exidx.text._ZdlPvjSt11align_val_t), (8 bytes).
    Removing new.cpp.o(.text._ZdaPvSt11align_val_t), (4 bytes).
    Removing new.cpp.o(.ARM.exidx.text._ZdaPvSt11align_val_t), (8 bytes).
    Removing new.cpp.o(.text._ZdaPvSt11align_val_tRKSt9nothrow_t), (4 bytes).
    Removing new.cpp.o(.ARM.exidx.text._ZdaPvSt11align_val_tRKSt9nothrow_t), (8 bytes).
    Removing new.cpp.o(.text._ZdaPvjSt11align_val_t), (6 bytes).
    Removing new.cpp.o(.ARM.exidx.text._ZdaPvjSt11align_val_t), (8 bytes).
    Removing new.cpp.o(.rodata._ZSt7nothrow), (1 bytes).
    Removing private_typeinfo.cpp.o(.text), (0 bytes).
    Removing private_typeinfo.cpp.o(.text._ZN10__cxxabiv116__shim_type_infoD0Ev), (2 bytes).
    Removing private_typeinfo.cpp.o(.ARM.exidx.text._ZN10__cxxabiv116__shim_type_infoD0Ev), (8 bytes).
    Removing private_typeinfo.cpp.o(.text._ZN10__cxxabiv117__array_type_infoD0Ev), (14 bytes).
    Removing private_typeinfo.cpp.o(.ARM.exidx.text._ZN10__cxxabiv117__array_type_infoD0Ev), (8 bytes).
    Removing private_typeinfo.cpp.o(.text._ZN10__cxxabiv120__function_type_infoD0Ev), (14 bytes).
    Removing private_typeinfo.cpp.o(.ARM.exidx.text._ZN10__cxxabiv120__function_type_infoD0Ev), (8 bytes).
    Removing private_typeinfo.cpp.o(.text._ZN10__cxxabiv116__enum_type_infoD0Ev), (14 bytes).
    Removing private_typeinfo.cpp.o(.ARM.exidx.text._ZN10__cxxabiv116__enum_type_infoD0Ev), (8 bytes).
    Removing private_typeinfo.cpp.o(.text._ZN10__cxxabiv121__vmi_class_type_infoD0Ev), (14 bytes).
    Removing private_typeinfo.cpp.o(.ARM.exidx.text._ZN10__cxxabiv121__vmi_class_type_infoD0Ev), (8 bytes).
    Removing private_typeinfo.cpp.o(.text._ZN10__cxxabiv117__pbase_type_infoD0Ev), (14 bytes).
    Removing private_typeinfo.cpp.o(.ARM.exidx.text._ZN10__cxxabiv117__pbase_type_infoD0Ev), (8 bytes).
    Removing private_typeinfo.cpp.o(.text._ZN10__cxxabiv119__pointer_type_infoD0Ev), (14 bytes).
    Removing private_typeinfo.cpp.o(.ARM.exidx.text._ZN10__cxxabiv119__pointer_type_infoD0Ev), (8 bytes).
    Removing private_typeinfo.cpp.o(.text._ZN10__cxxabiv129__pointer_to_member_type_infoD0Ev), (14 bytes).
    Removing private_typeinfo.cpp.o(.ARM.exidx.text._ZN10__cxxabiv129__pointer_to_member_type_infoD0Ev), (8 bytes).
    Removing private_typeinfo.cpp.o(.text._ZNK10__cxxabiv117__array_type_info9can_catchEPKNS_16__shim_type_infoERPv), (4 bytes).
    Removing private_typeinfo.cpp.o(.ARM.exidx.text._ZNK10__cxxabiv117__array_type_info9can_catchEPKNS_16__shim_type_infoERPv), (8 bytes).
    Removing private_typeinfo.cpp.o(.text._ZNK10__cxxabiv120__function_type_info9can_catchEPKNS_16__shim_type_infoERPv), (4 bytes).
    Removing private_typeinfo.cpp.o(.ARM.exidx.text._ZNK10__cxxabiv120__function_type_info9can_catchEPKNS_16__shim_type_infoERPv), (8 bytes).
    Removing private_typeinfo.cpp.o(.text._ZNK10__cxxabiv116__enum_type_info9can_catchEPKNS_16__shim_type_infoERPv), (10 bytes).
    Removing private_typeinfo.cpp.o(.ARM.exidx.text._ZNK10__cxxabiv116__enum_type_info9can_catchEPKNS_16__shim_type_infoERPv), (8 bytes).
    Removing private_typeinfo.cpp.o(.text._ZNK10__cxxabiv117__class_type_info24process_found_base_classEPNS_19__dynamic_cast_infoEPvi), (46 bytes).
    Removing private_typeinfo.cpp.o(.ARM.exidx.text._ZNK10__cxxabiv117__class_type_info24process_found_base_classEPNS_19__dynamic_cast_infoEPvi), (8 bytes).
    Removing private_typeinfo.cpp.o(.text._ZNK10__cxxabiv122__base_class_type_info27has_unambiguous_public_baseEPNS_19__dynamic_cast_infoEPvi), (54 bytes).
    Removing private_typeinfo.cpp.o(.ARM.exidx.text._ZNK10__cxxabiv122__base_class_type_info27has_unambiguous_public_baseEPNS_19__dynamic_cast_infoEPvi), (8 bytes).
    Removing private_typeinfo.cpp.o(.text._ZNK10__cxxabiv121__vmi_class_type_info27has_unambiguous_public_baseEPNS_19__dynamic_cast_infoEPvi), (126 bytes).
    Removing private_typeinfo.cpp.o(.ARM.exidx.text._ZNK10__cxxabiv121__vmi_class_type_info27has_unambiguous_public_baseEPNS_19__dynamic_cast_infoEPvi), (8 bytes).
    Removing private_typeinfo.cpp.o(.text._ZNK10__cxxabiv117__class_type_info29process_static_type_below_dstEPNS_19__dynamic_cast_infoEPKvi), (18 bytes).
    Removing private_typeinfo.cpp.o(.ARM.exidx.text._ZNK10__cxxabiv117__class_type_info29process_static_type_below_dstEPNS_19__dynamic_cast_infoEPKvi), (8 bytes).
    Removing private_typeinfo.cpp.o(.text._ZNK10__cxxabiv121__vmi_class_type_info16search_below_dstEPNS_19__dynamic_cast_infoEPKvib), (572 bytes).
    Removing private_typeinfo.cpp.o(.ARM.exidx.text._ZNK10__cxxabiv121__vmi_class_type_info16search_below_dstEPNS_19__dynamic_cast_infoEPKvib), (8 bytes).
    Removing private_typeinfo.cpp.o(.text._ZNK10__cxxabiv122__base_class_type_info16search_above_dstEPNS_19__dynamic_cast_infoEPKvS4_ib), (50 bytes).
    Removing private_typeinfo.cpp.o(.ARM.exidx.text._ZNK10__cxxabiv122__base_class_type_info16search_above_dstEPNS_19__dynamic_cast_infoEPKvS4_ib), (8 bytes).
    Removing private_typeinfo.cpp.o(.text._ZNK10__cxxabiv122__base_class_type_info16search_below_dstEPNS_19__dynamic_cast_infoEPKvib), (50 bytes).
    Removing private_typeinfo.cpp.o(.ARM.exidx.text._ZNK10__cxxabiv122__base_class_type_info16search_below_dstEPNS_19__dynamic_cast_infoEPKvib), (8 bytes).
    Removing private_typeinfo.cpp.o(.rodata._ZTVN10__cxxabiv116__shim_type_infoE), (28 bytes).
    Removing private_typeinfo.cpp.o(.rodata._ZTSPv), (3 bytes).
    Removing private_typeinfo.cpp.o(.rodata._ZTIPv), (16 bytes).
    Removing private_typeinfo.cpp.o(.rodata._ZTSPKv), (4 bytes).
    Removing private_typeinfo.cpp.o(.rodata._ZTIPKv), (16 bytes).
    Removing private_typeinfo.cpp.o(.rodata._ZTSPDn), (4 bytes).
    Removing private_typeinfo.cpp.o(.rodata._ZTIPDn), (16 bytes).
    Removing private_typeinfo.cpp.o(.rodata._ZTSPKDn), (5 bytes).
    Removing private_typeinfo.cpp.o(.rodata._ZTIPKDn), (16 bytes).
    Removing private_typeinfo.cpp.o(.rodata._ZTSb), (2 bytes).
    Removing private_typeinfo.cpp.o(.rodata._ZTIb), (8 bytes).
    Removing private_typeinfo.cpp.o(.rodata._ZTSPb), (3 bytes).
    Removing private_typeinfo.cpp.o(.rodata._ZTIPb), (16 bytes).
    Removing private_typeinfo.cpp.o(.rodata._ZTSPKb), (4 bytes).
    Removing private_typeinfo.cpp.o(.rodata._ZTIPKb), (16 bytes).
    Removing private_typeinfo.cpp.o(.rodata._ZTSw), (2 bytes).
    Removing private_typeinfo.cpp.o(.rodata._ZTIw), (8 bytes).
    Removing private_typeinfo.cpp.o(.rodata._ZTSPw), (3 bytes).
    Removing private_typeinfo.cpp.o(.rodata._ZTIPw), (16 bytes).
    Removing private_typeinfo.cpp.o(.rodata._ZTSPKw), (4 bytes).
    Removing private_typeinfo.cpp.o(.rodata._ZTIPKw), (16 bytes).
    Removing private_typeinfo.cpp.o(.rodata._ZTSc), (2 bytes).
    Removing private_typeinfo.cpp.o(.rodata._ZTIc), (8 bytes).
    Removing private_typeinfo.cpp.o(.rodata._ZTSPc), (3 bytes).
    Removing private_typeinfo.cpp.o(.rodata._ZTIPc), (16 bytes).
    Removing private_typeinfo.cpp.o(.rodata._ZTSPKc), (4 bytes).
    Removing private_typeinfo.cpp.o(.rodata._ZTIPKc), (16 bytes).
    Removing private_typeinfo.cpp.o(.rodata._ZTSh), (2 bytes).
    Removing private_typeinfo.cpp.o(.rodata._ZTIh), (8 bytes).
    Removing private_typeinfo.cpp.o(.rodata._ZTSPh), (3 bytes).
    Removing private_typeinfo.cpp.o(.rodata._ZTIPh), (16 bytes).
    Removing private_typeinfo.cpp.o(.rodata._ZTSPKh), (4 bytes).
    Removing private_typeinfo.cpp.o(.rodata._ZTIPKh), (16 bytes).
    Removing private_typeinfo.cpp.o(.rodata._ZTSa), (2 bytes).
    Removing private_typeinfo.cpp.o(.rodata._ZTIa), (8 bytes).
    Removing private_typeinfo.cpp.o(.rodata._ZTSPa), (3 bytes).
    Removing private_typeinfo.cpp.o(.rodata._ZTIPa), (16 bytes).
    Removing private_typeinfo.cpp.o(.rodata._ZTSPKa), (4 bytes).
    Removing private_typeinfo.cpp.o(.rodata._ZTIPKa), (16 bytes).
    Removing private_typeinfo.cpp.o(.rodata._ZTSs), (2 bytes).
    Removing private_typeinfo.cpp.o(.rodata._ZTIs), (8 bytes).
    Removing private_typeinfo.cpp.o(.rodata._ZTSPs), (3 bytes).
    Removing private_typeinfo.cpp.o(.rodata._ZTIPs), (16 bytes).
    Removing private_typeinfo.cpp.o(.rodata._ZTSPKs), (4 bytes).
    Removing private_typeinfo.cpp.o(.rodata._ZTIPKs), (16 bytes).
    Removing private_typeinfo.cpp.o(.rodata._ZTSt), (2 bytes).
    Removing private_typeinfo.cpp.o(.rodata._ZTIt), (8 bytes).
    Removing private_typeinfo.cpp.o(.rodata._ZTSPt), (3 bytes).
    Removing private_typeinfo.cpp.o(.rodata._ZTIPt), (16 bytes).
    Removing private_typeinfo.cpp.o(.rodata._ZTSPKt), (4 bytes).
    Removing private_typeinfo.cpp.o(.rodata._ZTIPKt), (16 bytes).
    Removing private_typeinfo.cpp.o(.rodata._ZTSi), (2 bytes).
    Removing private_typeinfo.cpp.o(.rodata._ZTIi), (8 bytes).
    Removing private_typeinfo.cpp.o(.rodata._ZTSPi), (3 bytes).
    Removing private_typeinfo.cpp.o(.rodata._ZTIPi), (16 bytes).
    Removing private_typeinfo.cpp.o(.rodata._ZTSPKi), (4 bytes).
    Removing private_typeinfo.cpp.o(.rodata._ZTIPKi), (16 bytes).
    Removing private_typeinfo.cpp.o(.rodata._ZTSj), (2 bytes).
    Removing private_typeinfo.cpp.o(.rodata._ZTIj), (8 bytes).
    Removing private_typeinfo.cpp.o(.rodata._ZTSPj), (3 bytes).
    Removing private_typeinfo.cpp.o(.rodata._ZTIPj), (16 bytes).
    Removing private_typeinfo.cpp.o(.rodata._ZTSPKj), (4 bytes).
    Removing private_typeinfo.cpp.o(.rodata._ZTIPKj), (16 bytes).
    Removing private_typeinfo.cpp.o(.rodata._ZTSl), (2 bytes).
    Removing private_typeinfo.cpp.o(.rodata._ZTIl), (8 bytes).
    Removing private_typeinfo.cpp.o(.rodata._ZTSPl), (3 bytes).
    Removing private_typeinfo.cpp.o(.rodata._ZTIPl), (16 bytes).
    Removing private_typeinfo.cpp.o(.rodata._ZTSPKl), (4 bytes).
    Removing private_typeinfo.cpp.o(.rodata._ZTIPKl), (16 bytes).
    Removing private_typeinfo.cpp.o(.rodata._ZTSm), (2 bytes).
    Removing private_typeinfo.cpp.o(.rodata._ZTIm), (8 bytes).
    Removing private_typeinfo.cpp.o(.rodata._ZTSPm), (3 bytes).
    Removing private_typeinfo.cpp.o(.rodata._ZTIPm), (16 bytes).
    Removing private_typeinfo.cpp.o(.rodata._ZTSPKm), (4 bytes).
    Removing private_typeinfo.cpp.o(.rodata._ZTIPKm), (16 bytes).
    Removing private_typeinfo.cpp.o(.rodata._ZTSx), (2 bytes).
    Removing private_typeinfo.cpp.o(.rodata._ZTIx), (8 bytes).
    Removing private_typeinfo.cpp.o(.rodata._ZTSPx), (3 bytes).
    Removing private_typeinfo.cpp.o(.rodata._ZTIPx), (16 bytes).
    Removing private_typeinfo.cpp.o(.rodata._ZTSPKx), (4 bytes).
    Removing private_typeinfo.cpp.o(.rodata._ZTIPKx), (16 bytes).
    Removing private_typeinfo.cpp.o(.rodata._ZTSy), (2 bytes).
    Removing private_typeinfo.cpp.o(.rodata._ZTIy), (8 bytes).
    Removing private_typeinfo.cpp.o(.rodata._ZTSPy), (3 bytes).
    Removing private_typeinfo.cpp.o(.rodata._ZTIPy), (16 bytes).
    Removing private_typeinfo.cpp.o(.rodata._ZTSPKy), (4 bytes).
    Removing private_typeinfo.cpp.o(.rodata._ZTIPKy), (16 bytes).
    Removing private_typeinfo.cpp.o(.rodata._ZTSn), (2 bytes).
    Removing private_typeinfo.cpp.o(.rodata._ZTIn), (8 bytes).
    Removing private_typeinfo.cpp.o(.rodata._ZTSPn), (3 bytes).
    Removing private_typeinfo.cpp.o(.rodata._ZTIPn), (16 bytes).
    Removing private_typeinfo.cpp.o(.rodata._ZTSPKn), (4 bytes).
    Removing private_typeinfo.cpp.o(.rodata._ZTIPKn), (16 bytes).
    Removing private_typeinfo.cpp.o(.rodata._ZTSo), (2 bytes).
    Removing private_typeinfo.cpp.o(.rodata._ZTIo), (8 bytes).
    Removing private_typeinfo.cpp.o(.rodata._ZTSPo), (3 bytes).
    Removing private_typeinfo.cpp.o(.rodata._ZTIPo), (16 bytes).
    Removing private_typeinfo.cpp.o(.rodata._ZTSPKo), (4 bytes).
    Removing private_typeinfo.cpp.o(.rodata._ZTIPKo), (16 bytes).
    Removing private_typeinfo.cpp.o(.rodata._ZTSDh), (3 bytes).
    Removing private_typeinfo.cpp.o(.rodata._ZTIDh), (8 bytes).
    Removing private_typeinfo.cpp.o(.rodata._ZTSPDh), (4 bytes).
    Removing private_typeinfo.cpp.o(.rodata._ZTIPDh), (16 bytes).
    Removing private_typeinfo.cpp.o(.rodata._ZTSPKDh), (5 bytes).
    Removing private_typeinfo.cpp.o(.rodata._ZTIPKDh), (16 bytes).
    Removing private_typeinfo.cpp.o(.rodata._ZTSf), (2 bytes).
    Removing private_typeinfo.cpp.o(.rodata._ZTIf), (8 bytes).
    Removing private_typeinfo.cpp.o(.rodata._ZTSPf), (3 bytes).
    Removing private_typeinfo.cpp.o(.rodata._ZTIPf), (16 bytes).
    Removing private_typeinfo.cpp.o(.rodata._ZTSPKf), (4 bytes).
    Removing private_typeinfo.cpp.o(.rodata._ZTIPKf), (16 bytes).
    Removing private_typeinfo.cpp.o(.rodata._ZTSd), (2 bytes).
    Removing private_typeinfo.cpp.o(.rodata._ZTId), (8 bytes).
    Removing private_typeinfo.cpp.o(.rodata._ZTSPd), (3 bytes).
    Removing private_typeinfo.cpp.o(.rodata._ZTIPd), (16 bytes).
    Removing private_typeinfo.cpp.o(.rodata._ZTSPKd), (4 bytes).
    Removing private_typeinfo.cpp.o(.rodata._ZTIPKd), (16 bytes).
    Removing private_typeinfo.cpp.o(.rodata._ZTSe), (2 bytes).
    Removing private_typeinfo.cpp.o(.rodata._ZTIe), (8 bytes).
    Removing private_typeinfo.cpp.o(.rodata._ZTSPe), (3 bytes).
    Removing private_typeinfo.cpp.o(.rodata._ZTIPe), (16 bytes).
    Removing private_typeinfo.cpp.o(.rodata._ZTSPKe), (4 bytes).
    Removing private_typeinfo.cpp.o(.rodata._ZTIPKe), (16 bytes).
    Removing private_typeinfo.cpp.o(.rodata._ZTSg), (2 bytes).
    Removing private_typeinfo.cpp.o(.rodata._ZTIg), (8 bytes).
    Removing private_typeinfo.cpp.o(.rodata._ZTSPg), (3 bytes).
    Removing private_typeinfo.cpp.o(.rodata._ZTIPg), (16 bytes).
    Removing private_typeinfo.cpp.o(.rodata._ZTSPKg), (4 bytes).
    Removing private_typeinfo.cpp.o(.rodata._ZTIPKg), (16 bytes).
    Removing private_typeinfo.cpp.o(.rodata._ZTSDs), (3 bytes).
    Removing private_typeinfo.cpp.o(.rodata._ZTIDs), (8 bytes).
    Removing private_typeinfo.cpp.o(.rodata._ZTSPDs), (4 bytes).
    Removing private_typeinfo.cpp.o(.rodata._ZTIPDs), (16 bytes).
    Removing private_typeinfo.cpp.o(.rodata._ZTSPKDs), (5 bytes).
    Removing private_typeinfo.cpp.o(.rodata._ZTIPKDs), (16 bytes).
    Removing private_typeinfo.cpp.o(.rodata._ZTSDi), (3 bytes).
    Removing private_typeinfo.cpp.o(.rodata._ZTIDi), (8 bytes).
    Removing private_typeinfo.cpp.o(.rodata._ZTSPDi), (4 bytes).
    Removing private_typeinfo.cpp.o(.rodata._ZTIPDi), (16 bytes).
    Removing private_typeinfo.cpp.o(.rodata._ZTSPKDi), (5 bytes).
    Removing private_typeinfo.cpp.o(.rodata._ZTIPKDi), (16 bytes).
    Removing private_typeinfo.cpp.o(.rodata._ZTVN10__cxxabiv117__array_type_infoE), (28 bytes).
    Removing private_typeinfo.cpp.o(.rodata._ZTSN10__cxxabiv117__array_type_infoE), (34 bytes).
    Removing private_typeinfo.cpp.o(.rodata._ZTIN10__cxxabiv117__array_type_infoE), (12 bytes).
    Removing private_typeinfo.cpp.o(.rodata._ZTVN10__cxxabiv120__function_type_infoE), (28 bytes).
    Removing private_typeinfo.cpp.o(.rodata._ZTVN10__cxxabiv116__enum_type_infoE), (28 bytes).
    Removing private_typeinfo.cpp.o(.rodata._ZTSN10__cxxabiv116__enum_type_infoE), (33 bytes).
    Removing private_typeinfo.cpp.o(.rodata._ZTIN10__cxxabiv116__enum_type_infoE), (12 bytes).
    Removing private_typeinfo.cpp.o(.rodata._ZTVN10__cxxabiv121__vmi_class_type_infoE), (40 bytes).
    Removing private_typeinfo.cpp.o(.rodata._ZTSN10__cxxabiv121__vmi_class_type_infoE), (38 bytes).
    Removing private_typeinfo.cpp.o(.rodata._ZTIN10__cxxabiv121__vmi_class_type_infoE), (12 bytes).
    Removing private_typeinfo.cpp.o(.rodata._ZTVN10__cxxabiv117__pbase_type_infoE), (28 bytes).
    Removing private_typeinfo.cpp.o(.rodata._ZTVN10__cxxabiv119__pointer_type_infoE), (28 bytes).
    Removing private_typeinfo.cpp.o(.rodata._ZTVN10__cxxabiv129__pointer_to_member_type_infoE), (28 bytes).
    Removing cxa_virtual.cpp.o(.text), (0 bytes).
    Removing cxa_virtual.cpp.o(.text.__cxa_pure_virtual), (40 bytes).
    Removing cxa_virtual.cpp.o(.ARM.exidx.text.__cxa_pure_virtual), (8 bytes).
    Removing cxa_virtual.cpp.o(.text.__cxa_deleted_virtual), (44 bytes).
    Removing cxa_virtual.cpp.o(.ARM.exidx.text.__cxa_deleted_virtual), (8 bytes).
    Removing stdlib_typeinfo.cpp.o(.text), (0 bytes).
    Removing stdlib_typeinfo.cpp.o(.text._ZNSt9type_infoD0Ev), (4 bytes).
    Removing stdlib_typeinfo.cpp.o(.ARM.exidx.text._ZNSt9type_infoD0Ev), (8 bytes).
    Removing stdlib_typeinfo.cpp.o(.text._ZNSt8bad_castC2Ev), (14 bytes).
    Removing stdlib_typeinfo.cpp.o(.ARM.exidx.text._ZNSt8bad_castC2Ev), (8 bytes).
    Removing stdlib_typeinfo.cpp.o(.text._ZNSt8bad_castD2Ev), (4 bytes).
    Removing stdlib_typeinfo.cpp.o(.ARM.exidx.text._ZNSt8bad_castD2Ev), (8 bytes).
    Removing stdlib_typeinfo.cpp.o(.text._ZNSt8bad_castD0Ev), (14 bytes).
    Removing stdlib_typeinfo.cpp.o(.ARM.exidx.text._ZNSt8bad_castD0Ev), (8 bytes).
    Removing stdlib_typeinfo.cpp.o(.text._ZNKSt8bad_cast4whatEv), (20 bytes).
    Removing stdlib_typeinfo.cpp.o(.ARM.exidx.text._ZNKSt8bad_cast4whatEv), (8 bytes).
    Removing stdlib_typeinfo.cpp.o(.text._ZNSt10bad_typeidC2Ev), (14 bytes).
    Removing stdlib_typeinfo.cpp.o(.ARM.exidx.text._ZNSt10bad_typeidC2Ev), (8 bytes).
    Removing stdlib_typeinfo.cpp.o(.text._ZNSt10bad_typeidD2Ev), (4 bytes).
    Removing stdlib_typeinfo.cpp.o(.ARM.exidx.text._ZNSt10bad_typeidD2Ev), (8 bytes).
    Removing stdlib_typeinfo.cpp.o(.text._ZNSt10bad_typeidD0Ev), (14 bytes).
    Removing stdlib_typeinfo.cpp.o(.ARM.exidx.text._ZNSt10bad_typeidD0Ev), (8 bytes).
    Removing stdlib_typeinfo.cpp.o(.text._ZNKSt10bad_typeid4whatEv), (20 bytes).
    Removing stdlib_typeinfo.cpp.o(.ARM.exidx.text._ZNKSt10bad_typeid4whatEv), (8 bytes).
    Removing stdlib_typeinfo.cpp.o(.rodata._ZTVSt8bad_cast), (20 bytes).
    Removing stdlib_typeinfo.cpp.o(.rodata._ZTVSt10bad_typeid), (20 bytes).
    Removing stdlib_typeinfo.cpp.o(.rodata._ZTVSt9type_info), (16 bytes).
    Removing stdlib_typeinfo.cpp.o(.rodata._ZTSSt8bad_cast), (12 bytes).
    Removing stdlib_typeinfo.cpp.o(.rodata._ZTISt8bad_cast), (12 bytes).
    Removing stdlib_typeinfo.cpp.o(.rodata._ZTSSt10bad_typeid), (15 bytes).
    Removing stdlib_typeinfo.cpp.o(.rodata._ZTISt10bad_typeid), (12 bytes).

904 unused section(s) (total 22021 bytes) removed from the image.
